Archive member included to satisfy reference by file (symbol)

../DaisyExamples/libdaisy/build/libdaisy.a(daisy_seed.o)
                              build/MuxTest.o (daisy::DaisySeed::Configure())
../DaisyExamples/libdaisy/build/libdaisy.a(codec_ak4556.o)
                              ../DaisyExamples/libdaisy/build/libdaisy.a(daisy_seed.o) (daisy::Ak4556::Init(dsy_gpio_pin))
../DaisyExamples/libdaisy/build/libdaisy.a(sdram.o)
                              ../DaisyExamples/libdaisy/build/libdaisy.a(daisy_seed.o) (dsy_sdram_init)
../DaisyExamples/libdaisy/build/libdaisy.a(audio.o)
                              ../DaisyExamples/libdaisy/build/libdaisy.a(daisy_seed.o) (daisy::AudioHandle::Init(daisy::AudioHandle::Config const&, daisy::SaiHandle))
../DaisyExamples/libdaisy/build/libdaisy.a(led.o)
                              build/MuxTest.o (daisy::Led::Init(dsy_gpio_pin, bool, float))
../DaisyExamples/libdaisy/build/libdaisy.a(adc.o)
                              build/MuxTest.o (daisy::AdcChannelConfig::InitSingle(dsy_gpio_pin))
../DaisyExamples/libdaisy/build/libdaisy.a(gpio.o)
                              ../DaisyExamples/libdaisy/build/libdaisy.a(daisy_seed.o) (dsy_gpio_init)
../DaisyExamples/libdaisy/build/libdaisy.a(qspi.o)
                              build/QSPI_Settings.o (dsy_qspi_init)
../DaisyExamples/libdaisy/build/libdaisy.a(sai.o)
                              ../DaisyExamples/libdaisy/build/libdaisy.a(daisy_seed.o) (daisy::SaiHandle::Init(daisy::SaiHandle::Config const&))
../DaisyExamples/libdaisy/build/libdaisy.a(system.o)
                              build/MuxTest.o (daisy::System::GetNow())
../DaisyExamples/libdaisy/build/libdaisy.a(system_stm32h7xx.o)
                              build/startup_stm32h750xx.o (SystemInit)
../DaisyExamples/libdaisy/build/libdaisy.a(hal_map.o)
                              ../DaisyExamples/libdaisy/build/libdaisy.a(sdram.o) (dsy_hal_map_get_port)
../DaisyExamples/libdaisy/build/libdaisy.a(stm32h7xx_hal.o)
                              ../DaisyExamples/libdaisy/build/libdaisy.a(system.o) (HAL_Init)
../DaisyExamples/libdaisy/build/libdaisy.a(stm32h7xx_hal_adc.o)
                              ../DaisyExamples/libdaisy/build/libdaisy.a(adc.o) (HAL_ADC_ConfigChannel)
../DaisyExamples/libdaisy/build/libdaisy.a(stm32h7xx_hal_adc_ex.o)
                              ../DaisyExamples/libdaisy/build/libdaisy.a(adc.o) (HAL_ADCEx_Calibration_Start)
../DaisyExamples/libdaisy/build/libdaisy.a(stm32h7xx_hal_cortex.o)
                              ../DaisyExamples/libdaisy/build/libdaisy.a(stm32h7xx_hal.o) (HAL_NVIC_SetPriorityGrouping)
../DaisyExamples/libdaisy/build/libdaisy.a(stm32h7xx_hal_dma.o)
                              ../DaisyExamples/libdaisy/build/libdaisy.a(adc.o) (HAL_DMA_Init)
../DaisyExamples/libdaisy/build/libdaisy.a(stm32h7xx_hal_gpio.o)
                              ../DaisyExamples/libdaisy/build/libdaisy.a(sdram.o) (HAL_GPIO_Init)
../DaisyExamples/libdaisy/build/libdaisy.a(stm32h7xx_hal_pwr_ex.o)
                              ../DaisyExamples/libdaisy/build/libdaisy.a(system.o) (HAL_PWREx_ConfigSupply)
../DaisyExamples/libdaisy/build/libdaisy.a(stm32h7xx_hal_qspi.o)
                              ../DaisyExamples/libdaisy/build/libdaisy.a(qspi.o) (HAL_QSPI_Init)
../DaisyExamples/libdaisy/build/libdaisy.a(stm32h7xx_hal_rcc.o)
                              ../DaisyExamples/libdaisy/build/libdaisy.a(system.o) (HAL_RCC_OscConfig)
../DaisyExamples/libdaisy/build/libdaisy.a(stm32h7xx_hal_rcc_ex.o)
                              ../DaisyExamples/libdaisy/build/libdaisy.a(system.o) (HAL_RCCEx_PeriphCLKConfig)
../DaisyExamples/libdaisy/build/libdaisy.a(stm32h7xx_hal_sai.o)
                              ../DaisyExamples/libdaisy/build/libdaisy.a(sai.o) (HAL_SAI_InitProtocol)
../DaisyExamples/libdaisy/build/libdaisy.a(stm32h7xx_hal_sdram.o)
                              ../DaisyExamples/libdaisy/build/libdaisy.a(sdram.o) (HAL_SDRAM_Init)
../DaisyExamples/libdaisy/build/libdaisy.a(stm32h7xx_ll_fmc.o)
                              ../DaisyExamples/libdaisy/build/libdaisy.a(stm32h7xx_hal_sdram.o) (FMC_SDRAM_Init)
../DaisyExamples/libdaisy/build/libdaisy.a(i2c.o)
                              ../DaisyExamples/libdaisy/build/libdaisy.a(system.o) (dsy_i2c_global_init)
../DaisyExamples/libdaisy/build/libdaisy.a(tim.o)
                              ../DaisyExamples/libdaisy/build/libdaisy.a(system.o) (daisy::TimerHandle::Init(daisy::TimerHandle::Config const&))
../DaisyExamples/libdaisy/build/libdaisy.a(dma.o)
                              ../DaisyExamples/libdaisy/build/libdaisy.a(system.o) (dsy_dma_init)
../DaisyExamples/libdaisy/build/libdaisy.a(stm32h7xx_hal_i2c.o)
                              ../DaisyExamples/libdaisy/build/libdaisy.a(i2c.o) (HAL_I2C_Init)
../DaisyExamples/libdaisy/build/libdaisy.a(stm32h7xx_hal_i2c_ex.o)
                              ../DaisyExamples/libdaisy/build/libdaisy.a(i2c.o) (HAL_I2CEx_ConfigAnalogFilter)
[...]
Memory Configuration

Name             Origin             Length             Attributes
FLASH            0x0000000008000000 0x0000000000020000 xr
DTCMRAM          0x0000000020000000 0x0000000000020000 xrw
SRAM             0x0000000024000000 0x0000000000080000 xrw
RAM_D2           0x0000000030000000 0x0000000000048000 xrw
RAM_D3           0x0000000038000000 0x0000000000010000 xrw
ITCMRAM          0x0000000000000000 0x0000000000010000 xrw
SDRAM            0x00000000c0000000 0x0000000004000000 xrw
QSPIFLASH        0x0000000090000000 0x0000000000800000 xr
*default*        0x0000000000000000 0xffffffffffffffff

Linker script and memory map

LOAD /usr/local/Cellar/arm-none-eabi-gcc/9-2019-q4-major/gcc/bin/../lib/gcc/arm-none-eabi/9.2.1/thumb/v7e-m+dp/hard/crti.o
LOAD /usr/local/Cellar/arm-none-eabi-gcc/9-2019-q4-major/gcc/bin/../lib/gcc/arm-none-eabi/9.2.1/thumb/v7e-m+dp/hard/crtbegin.o
LOAD /usr/local/Cellar/arm-none-eabi-gcc/9-2019-q4-major/gcc/bin/../lib/gcc/arm-none-eabi/9.2.1/../../../../arm-none-eabi/lib/thumb/v7e-m+dp/hard/crt0.o
LOAD build/startup_stm32h750xx.o
LOAD build/MuxTest.o
LOAD build/QSPI_Settings.o
LOAD ../DaisyExamples/libdaisy/build/libdaisy.a
LOAD /usr/local/Cellar/arm-none-eabi-gcc/9-2019-q4-major/gcc/bin/../lib/gcc/arm-none-eabi/9.2.1/../../../../arm-none-eabi/lib/thumb/v7e-m+dp/hard/libnosys.a
LOAD ../DaisyExamples/DaisySP/build/libdaisysp.a
LOAD /usr/local/Cellar/arm-none-eabi-gcc/9-2019-q4-major/gcc/bin/../lib/gcc/arm-none-eabi/9.2.1/../../../../arm-none-eabi/lib/thumb/v7e-m+dp/hard/libstdc++_nano.a
LOAD /usr/local/Cellar/arm-none-eabi-gcc/9-2019-q4-major/gcc/bin/../lib/gcc/arm-none-eabi/9.2.1/../../../../arm-none-eabi/lib/thumb/v7e-m+dp/hard/libm.a
LOAD /usr/local/Cellar/arm-none-eabi-gcc/9-2019-q4-major/gcc/bin/../lib/gcc/arm-none-eabi/9.2.1/../../../../arm-none-eabi/lib/thumb/v7e-m+dp/hard/libc_nano.a
START GROUP
LOAD /usr/local/Cellar/arm-none-eabi-gcc/9-2019-q4-major/gcc/bin/../lib/gcc/arm-none-eabi/9.2.1/thumb/v7e-m+dp/hard/libgcc.a
LOAD /usr/local/Cellar/arm-none-eabi-gcc/9-2019-q4-major/gcc/bin/../lib/gcc/arm-none-eabi/9.2.1/../../../../arm-none-eabi/lib/thumb/v7e-m+dp/hard/libc_nano.a
END GROUP
START GROUP
LOAD /usr/local/Cellar/arm-none-eabi-gcc/9-2019-q4-major/gcc/bin/../lib/gcc/arm-none-eabi/9.2.1/thumb/v7e-m+dp/hard/libgcc.a
LOAD /usr/local/Cellar/arm-none-eabi-gcc/9-2019-q4-major/gcc/bin/../lib/gcc/arm-none-eabi/9.2.1/../../../../arm-none-eabi/lib/thumb/v7e-m+dp/hard/libc_nano.a
LOAD /usr/local/Cellar/arm-none-eabi-gcc/9-2019-q4-major/gcc/bin/../lib/gcc/arm-none-eabi/9.2.1/../../../../arm-none-eabi/lib/thumb/v7e-m+dp/hard/libnosys.a
END GROUP
START GROUP
LOAD /usr/local/Cellar/arm-none-eabi-gcc/9-2019-q4-major/gcc/bin/../lib/gcc/arm-none-eabi/9.2.1/thumb/v7e-m+dp/hard/libgcc.a
LOAD /usr/local/Cellar/arm-none-eabi-gcc/9-2019-q4-major/gcc/bin/../lib/gcc/arm-none-eabi/9.2.1/../../../../arm-none-eabi/lib/thumb/v7e-m+dp/hard/libc_nano.a
LOAD /usr/local/Cellar/arm-none-eabi-gcc/9-2019-q4-major/gcc/bin/../lib/gcc/arm-none-eabi/9.2.1/../../../../arm-none-eabi/lib/thumb/v7e-m+dp/hard/libnosys.a
END GROUP
LOAD /usr/local/Cellar/arm-none-eabi-gcc/9-2019-q4-major/gcc/bin/../lib/gcc/arm-none-eabi/9.2.1/thumb/v7e-m+dp/hard/crtend.o
LOAD /usr/local/Cellar/arm-none-eabi-gcc/9-2019-q4-major/gcc/bin/../lib/gcc/arm-none-eabi/9.2.1/thumb/v7e-m+dp/hard/crtn.o
                0x0000000020020000                _estack = 0x20020000

.isr_vector     0x0000000008000000      0x298
                0x0000000008000000                . = ALIGN (0x4)
 *(.isr_vector)
 .isr_vector    0x0000000008000000      0x298 build/startup_stm32h750xx.o
                0x0000000008000000                g_pfnVectors
                0x0000000008000298                . = ALIGN (0x4)

.text           0x0000000008000298     0x8f1c
                0x0000000008000298                . = ALIGN (0x4)
                0x0000000008000298                _stext = .
 *(.text)
 .text          0x0000000008000298       0x40 /usr/local/Cellar/arm-none-eabi-gcc/9-2019-q4-major/gcc/bin/../lib/gcc/arm-none-eabi/9.2.1/thumb/v7e-m+dp/hard/crtbegin.o
 *(.text*)
 .text.Default_Handler
                0x00000000080002d8        0x4 build/startup_stm32h750xx.o
                0x00000000080002d8                SAI1_IRQHandler
                0x00000000080002d8                HASH_RNG_IRQHandler
                0x00000000080002d8                EXTI2_IRQHandler
                0x00000000080002d8                TIM8_CC_IRQHandler
                0x00000000080002d8                HRTIM1_Master_IRQHandler
                0x00000000080002d8                DebugMon_Handler
                0x00000000080002d8                UART8_IRQHandler
                0x00000000080002d8                SPI4_IRQHandler
                0x00000000080002d8                TIM1_CC_IRQHandler
                0x00000000080002d8                BDMA_Channel6_IRQHandler
                0x00000000080002d8                DMA2_Stream5_IRQHandler
                0x00000000080002d8                HRTIM1_FLT_IRQHandler
                0x00000000080002d8                JPEG_IRQHandler
                0x00000000080002d8                DMA1_Stream5_IRQHandler
                0x00000000080002d8                BDMA_Channel1_IRQHandler
                0x00000000080002d8                HRTIM1_TIMD_IRQHandler
                0x00000000080002d8                TAMP_STAMP_IRQHandler
                0x00000000080002d8                PendSV_Handler
                0x00000000080002d8                NMI_Handler
                0x00000000080002d8                EXTI3_IRQHandler
                0x00000000080002d8                LPTIM4_IRQHandler
                0x00000000080002d8                TIM8_TRG_COM_TIM14_IRQHandler
                0x00000000080002d8                LPTIM2_IRQHandler
                0x00000000080002d8                DFSDM1_FLT1_IRQHandler
                0x00000000080002d8                DMAMUX2_OVR_IRQHandler
                0x00000000080002d8                TIM8_UP_TIM13_IRQHandler
                0x00000000080002d8                I2C3_ER_IRQHandler
                0x00000000080002d8                DFSDM1_FLT2_IRQHandler
                0x00000000080002d8                MDMA_IRQHandler
                0x00000000080002d8                LPTIM3_IRQHandler
                0x00000000080002d8                HSEM1_IRQHandler
                0x00000000080002d8                EXTI0_IRQHandler
                0x00000000080002d8                FPU_IRQHandler
                0x00000000080002d8                OTG_HS_WKUP_IRQHandler
                0x00000000080002d8                FDCAN1_IT1_IRQHandler
                0x00000000080002d8                UsageFault_Handler
                0x00000000080002d8                LTDC_ER_IRQHandler
                0x00000000080002d8                DMA2_Stream2_IRQHandler
                0x00000000080002d8                HRTIM1_TIME_IRQHandler
                0x00000000080002d8                SPI1_IRQHandler
                0x00000000080002d8                TIM6_DAC_IRQHandler
                0x00000000080002d8                DCMI_IRQHandler
                0x00000000080002d8                HRTIM1_TIMC_IRQHandler
                0x00000000080002d8                DMA2_Stream3_IRQHandler
                0x00000000080002d8                SAI2_IRQHandler
                0x00000000080002d8                DFSDM1_FLT3_IRQHandler
                0x00000000080002d8                USART6_IRQHandler
                0x00000000080002d8                TIM17_IRQHandler
                0x00000000080002d8                USART3_IRQHandler
                0x00000000080002d8                CRYP_IRQHandler
                0x00000000080002d8                BDMA_Channel7_IRQHandler
                0x00000000080002d8                LPTIM5_IRQHandler
                0x00000000080002d8                UART5_IRQHandler
                0x00000000080002d8                ADC3_IRQHandler
                0x00000000080002d8                DMA2_Stream0_IRQHandler
                0x00000000080002d8                TIM4_IRQHandler
                0x00000000080002d8                BDMA_Channel2_IRQHandler
                0x00000000080002d8                DMAMUX1_OVR_IRQHandler
                0x00000000080002d8                TIM16_IRQHandler
                0x00000000080002d8                UART4_IRQHandler
                0x00000000080002d8                BDMA_Channel5_IRQHandler
                0x00000000080002d8                TIM3_IRQHandler
                0x00000000080002d8                RCC_IRQHandler
                0x00000000080002d8                TIM8_BRK_TIM12_IRQHandler
                0x00000000080002d8                TIM1_TRG_COM_IRQHandler
                0x00000000080002d8                Default_Handler
                0x00000000080002d8                ECC_IRQHandler
                0x00000000080002d8                CEC_IRQHandler
                0x00000000080002d8                EXTI15_10_IRQHandler
                0x00000000080002d8                BDMA_Channel0_IRQHandler
                0x00000000080002d8                ADC_IRQHandler
                0x00000000080002d8                DMA1_Stream7_IRQHandler
                0x00000000080002d8                HRTIM1_TIMA_IRQHandler
                0x00000000080002d8                SPI5_IRQHandler
                0x00000000080002d8                TIM7_IRQHandler
                0x00000000080002d8                SDMMC1_IRQHandler
                0x00000000080002d8                TIM5_IRQHandler
                0x00000000080002d8                DMA2_Stream7_IRQHandler
                0x00000000080002d8                TIM15_IRQHandler
                0x00000000080002d8                PVD_AVD_IRQHandler
                0x00000000080002d8                EXTI9_5_IRQHandler
                0x00000000080002d8                RTC_WKUP_IRQHandler
                0x00000000080002d8                LTDC_IRQHandler
                0x00000000080002d8                SAI3_IRQHandler
                0x00000000080002d8                ETH_WKUP_IRQHandler
                0x00000000080002d8                SPDIF_RX_IRQHandler
                0x00000000080002d8                SPI2_IRQHandler
                0x00000000080002d8                OTG_HS_EP1_IN_IRQHandler
                0x00000000080002d8                MemManage_Handler
                0x00000000080002d8                SVC_Handler
                0x00000000080002d8                CRS_IRQHandler
                0x00000000080002d8                EXTI4_IRQHandler
                0x00000000080002d8                HRTIM1_TIMB_IRQHandler
                0x00000000080002d8                FDCAN2_IT1_IRQHandler
                0x00000000080002d8                ETH_IRQHandler
                0x00000000080002d8                TIM1_UP_IRQHandler
                0x00000000080002d8                BDMA_Channel4_IRQHandler
                0x00000000080002d8                OTG_HS_EP1_OUT_IRQHandler
                0x00000000080002d8                WWDG_IRQHandler
                0x00000000080002d8                SPI6_IRQHandler
                0x00000000080002d8                I2C4_EV_IRQHandler
                0x00000000080002d8                MDIOS_IRQHandler
                0x00000000080002d8                FDCAN2_IT0_IRQHandler
                0x00000000080002d8                LPUART1_IRQHandler
                0x00000000080002d8                FDCAN1_IT0_IRQHandler
                0x00000000080002d8                TIM2_IRQHandler
                0x00000000080002d8                OTG_FS_WKUP_IRQHandler
                0x00000000080002d8                OTG_HS_IRQHandler
                0x00000000080002d8                DMA2D_IRQHandler
                0x00000000080002d8                TIM1_BRK_IRQHandler
                0x00000000080002d8                EXTI1_IRQHandler
                0x00000000080002d8                SDMMC2_IRQHandler
                0x00000000080002d8                OTG_FS_EP1_OUT_IRQHandler
                0x00000000080002d8                BDMA_Channel3_IRQHandler
                0x00000000080002d8                UART7_IRQHandler
                0x00000000080002d8                MDIOS_WKUP_IRQHandler
                0x00000000080002d8                USART2_IRQHandler
                0x00000000080002d8                DFSDM1_FLT0_IRQHandler
                0x00000000080002d8                SAI4_IRQHandler
                0x00000000080002d8                I2C2_ER_IRQHandler
                0x00000000080002d8                DMA2_Stream1_IRQHandler
                0x00000000080002d8                FLASH_IRQHandler
                0x00000000080002d8                DMA2_Stream4_IRQHandler
                0x00000000080002d8                BusFault_Handler
                0x00000000080002d8                USART1_IRQHandler
                0x00000000080002d8                OTG_FS_IRQHandler
                0x00000000080002d8                SPI3_IRQHandler
                0x00000000080002d8                WAKEUP_PIN_IRQHandler
                0x00000000080002d8                OTG_FS_EP1_IN_IRQHandler
                0x00000000080002d8                I2C1_ER_IRQHandler
                0x00000000080002d8                FMC_IRQHandler
                0x00000000080002d8                FDCAN_CAL_IRQHandler
                0x00000000080002d8                SWPMI1_IRQHandler
                0x00000000080002d8                COMP1_IRQHandler
                0x00000000080002d8                LPTIM1_IRQHandler
                0x00000000080002d8                I2C4_ER_IRQHandler
                0x00000000080002d8                DMA2_Stream6_IRQHandler
                0x00000000080002d8                RTC_Alarm_IRQHandler
 .text.Reset_Handler
                0x00000000080002dc       0x4c build/startup_stm32h750xx.o
                0x00000000080002dc                Reset_Handler
 .text._ZN5daisy3LedD2Ev
                0x0000000008000328        0x4 build/MuxTest.o
                0x0000000008000328                daisy::Led::~Led()
                0x0000000008000328                daisy::Led::~Led()
 .text._ZN5daisy9DaisySeedD2Ev
                0x000000000800032c        0x4 build/MuxTest.o
                0x000000000800032c                daisy::DaisySeed::~DaisySeed()
                0x000000000800032c                daisy::DaisySeed::~DaisySeed()
 .text._ZL13AudioCallbackPfS_j
                0x0000000008000330       0x84 build/MuxTest.o
 .text.startup.main
                0x00000000080003b4      0x2f8 build/MuxTest.o
                0x00000000080003b4                main
 .text.startup._GLOBAL__sub_I_setting
                0x00000000080006ac       0x44 build/MuxTest.o
 .text._Z12SaveSettingsRK8Settings
                0x00000000080006f0       0x80 build/QSPI_Settings.o
                0x00000000080006f0                SaveSettings(Settings const&)
 .text._Z12LoadSettingsv
                0x0000000008000770       0x94 build/QSPI_Settings.o
                0x0000000008000770                LoadSettings()
 .text.startup._GLOBAL__sub_I_base
                0x0000000008000804       0x1c build/QSPI_Settings.o
 .text._ZN5daisy9DaisySeed9ConfigureEv
                0x0000000008000820       0x50 ../DaisyExamples/libdaisy/build/libdaisy.a(daisy_seed.o)
                0x0000000008000820                daisy::DaisySeed::Configure()
 .text._ZN5daisy9DaisySeed6GetPinEh
                0x0000000008000870       0x2c ../DaisyExamples/libdaisy/build/libdaisy.a(daisy_seed.o)
                0x0000000008000870                daisy::DaisySeed::GetPin(unsigned char)
 .text._ZN5daisy9DaisySeed10StartAudioEPFvPfS1_jE
                0x000000000800089c        0x8 ../DaisyExamples/libdaisy/build/libdaisy.a(daisy_seed.o)
                0x000000000800089c                daisy::DaisySeed::StartAudio(void (*)(float*, float*, unsigned int))
 .text._ZN5daisy9DaisySeed15AudioSampleRateEv
                0x00000000080008a4        0x8 ../DaisyExamples/libdaisy/build/libdaisy.a(daisy_seed.o)
                0x00000000080008a4                daisy::DaisySeed::AudioSampleRate()
 .text._ZN5daisy9DaisySeed17SetAudioBlockSizeEj
                0x00000000080008ac       0x38 ../DaisyExamples/libdaisy/build/libdaisy.a(daisy_seed.o)
                0x00000000080008ac                daisy::DaisySeed::SetAudioBlockSize(unsigned int)
 .text._ZN5daisy9DaisySeed14ConfigureAudioEv
                0x00000000080008e4       0x70 ../DaisyExamples/libdaisy/build/libdaisy.a(daisy_seed.o)
                0x00000000080008e4                daisy::DaisySeed::ConfigureAudio()
 .text._ZN5daisy9DaisySeed4InitEb
                0x0000000008000954       0x7c ../DaisyExamples/libdaisy/build/libdaisy.a(daisy_seed.o)
                0x0000000008000954                daisy::DaisySeed::Init(bool)
 .text._ZN5daisy6Ak45564InitE12dsy_gpio_pin
                0x00000000080009d0       0x44 ../DaisyExamples/libdaisy/build/libdaisy.a(codec_ak4556.o)
                0x00000000080009d0                daisy::Ak4556::Init(dsy_gpio_pin)
 .text.dsy_sdram_init
                0x0000000008000a14      0x120 ../DaisyExamples/libdaisy/build/libdaisy.a(sdram.o)
                0x0000000008000a14                dsy_sdram_init
 .text.HAL_SDRAM_MspInit
                0x0000000008000b34      0x1cc ../DaisyExamples/libdaisy/build/libdaisy.a(sdram.o)
                0x0000000008000b34                HAL_SDRAM_MspInit
 .text._ZN5daisy11AudioHandle4Impl16InternalCallbackEPlS2_j
                0x0000000008000d00      0xc14 ../DaisyExamples/libdaisy/build/libdaisy.a(audio.o)
                0x0000000008000d00                daisy::AudioHandle::Impl::InternalCallback(long*, long*, unsigned int)
 .text._ZN5daisy11AudioHandle4InitERKNS0_6ConfigENS_9SaiHandleE
                0x0000000008001914       0x68 ../DaisyExamples/libdaisy/build/libdaisy.a(audio.o)
                0x0000000008001914                daisy::AudioHandle::Init(daisy::AudioHandle::Config const&, daisy::SaiHandle)
 .text._ZNK5daisy11AudioHandle9GetConfigEv
                0x000000000800197c        0x8 ../DaisyExamples/libdaisy/build/libdaisy.a(audio.o)
                0x000000000800197c                daisy::AudioHandle::GetConfig() const
 .text._ZN5daisy11AudioHandle12SetBlockSizeEj
                0x0000000008001984       0x1c ../DaisyExamples/libdaisy/build/libdaisy.a(audio.o)
                0x0000000008001984                daisy::AudioHandle::SetBlockSize(unsigned int)
 .text._ZN5daisy11AudioHandle13GetSampleRateEv
                0x00000000080019a0        0x8 ../DaisyExamples/libdaisy/build/libdaisy.a(audio.o)
                0x00000000080019a0                daisy::AudioHandle::GetSampleRate()
 .text._ZN5daisy11AudioHandle5StartEPFvPfS1_jE
                0x00000000080019a8       0x2c ../DaisyExamples/libdaisy/build/libdaisy.a(audio.o)
                0x00000000080019a8                daisy::AudioHandle::Start(void (*)(float*, float*, unsigned int))
 .text.startup._GLOBAL__sub_I__ZN5daisy11AudioHandle4Impl4InitENS0_6ConfigENS_9SaiHandleE
                0x00000000080019d4       0x10 ../DaisyExamples/libdaisy/build/libdaisy.a(audio.o)
 .text._ZN5daisy3Led4InitE12dsy_gpio_pinbf
                0x00000000080019e4       0x48 ../DaisyExamples/libdaisy/build/libdaisy.a(led.o)
                0x00000000080019e4                daisy::Led::Init(dsy_gpio_pin, bool, float)
 .text._ZN5daisy3Led3SetEf
                0x0000000008001a2c       0x24 ../DaisyExamples/libdaisy/build/libdaisy.a(led.o)
                0x0000000008001a2c                daisy::Led::Set(float)
 .text._ZN5daisy3Led6UpdateEv
                0x0000000008001a50       0x48 ../DaisyExamples/libdaisy/build/libdaisy.a(led.o)
                0x0000000008001a50                daisy::Led::Update()
 .text._ZN5daisy16AdcChannelConfig10InitSingleE12dsy_gpio_pin
                0x0000000008001a98       0x1c ../DaisyExamples/libdaisy/build/libdaisy.a(adc.o)
                0x0000000008001a98                daisy::AdcChannelConfig::InitSingle(dsy_gpio_pin)
 .text._ZN5daisy16AdcChannelConfig7InitMuxE12dsy_gpio_pinjS1_S1_S1_
                0x0000000008001ab4       0x74 ../DaisyExamples/libdaisy/build/libdaisy.a(adc.o)
                0x0000000008001ab4                daisy::AdcChannelConfig::InitMux(dsy_gpio_pin, unsigned int, dsy_gpio_pin, dsy_gpio_pin, dsy_gpio_pin)
 .text._ZN5daisy9AdcHandle4InitEPNS_16AdcChannelConfigEjNS0_12OverSamplingE
                0x0000000008001b28      0x744 ../DaisyExamples/libdaisy/build/libdaisy.a(adc.o)
                0x0000000008001b28                daisy::AdcHandle::Init(daisy::AdcChannelConfig*, unsigned int, daisy::AdcHandle::OverSampling)
 .text._ZN5daisy9AdcHandle5StartEv
                0x000000000800226c       0x2c ../DaisyExamples/libdaisy/build/libdaisy.a(adc.o)
                0x000000000800226c                daisy::AdcHandle::Start()
 .text._ZNK5daisy9AdcHandle8GetFloatEh
                0x0000000008002298       0x20 ../DaisyExamples/libdaisy/build/libdaisy.a(adc.o)
                0x0000000008002298                daisy::AdcHandle::GetFloat(unsigned char) const
 .text._ZNK5daisy9AdcHandle11GetMuxFloatEhh
                0x00000000080022b8       0x20 ../DaisyExamples/libdaisy/build/libdaisy.a(adc.o)
                0x00000000080022b8                daisy::AdcHandle::GetMuxFloat(unsigned char, unsigned char) const
 .text.HAL_ADC_MspInit
                0x00000000080022d8       0x9c ../DaisyExamples/libdaisy/build/libdaisy.a(adc.o)
                0x00000000080022d8                HAL_ADC_MspInit
 .text.DMA1_Stream2_IRQHandler
                0x0000000008002374        0xc ../DaisyExamples/libdaisy/build/libdaisy.a(adc.o)
                0x0000000008002374                DMA1_Stream2_IRQHandler
 .text.HAL_ADC_ConvCpltCallback
                0x0000000008002380      0x14c ../DaisyExamples/libdaisy/build/libdaisy.a(adc.o)
                0x0000000008002380                HAL_ADC_ConvCpltCallback
 .text.HAL_ADC_ErrorCallback
                0x00000000080024cc        0x4 ../DaisyExamples/libdaisy/build/libdaisy.a(adc.o)
                0x00000000080024cc                HAL_ADC_ErrorCallback
 .text.dsy_gpio_init
                0x00000000080024d0      0x1b8 ../DaisyExamples/libdaisy/build/libdaisy.a(gpio.o)
                0x00000000080024d0                dsy_gpio_init
 .text.dsy_gpio_write
                0x0000000008002688       0x24 ../DaisyExamples/libdaisy/build/libdaisy.a(gpio.o)
                0x0000000008002688                dsy_gpio_write
 .text.dsy_qspi_init
                0x00000000080026ac      0x390 ../DaisyExamples/libdaisy/build/libdaisy.a(qspi.o)
                0x00000000080026ac                dsy_qspi_init
 .text.dsy_qspi_writepage
                0x0000000008002a3c      0x11c ../DaisyExamples/libdaisy/build/libdaisy.a(qspi.o)
                0x0000000008002a3c                dsy_qspi_writepage
 .text.dsy_qspi_write
                0x0000000008002b58       0xfc ../DaisyExamples/libdaisy/build/libdaisy.a(qspi.o)
                0x0000000008002b58                dsy_qspi_write
 .text.dsy_qspi_erase
                0x0000000008002c54      0x12c ../DaisyExamples/libdaisy/build/libdaisy.a(qspi.o)
                0x0000000008002c54                dsy_qspi_erase
 .text.HAL_QSPI_MspInit
                0x0000000008002d80      0x10c ../DaisyExamples/libdaisy/build/libdaisy.a(qspi.o)
                0x0000000008002d80                HAL_QSPI_MspInit
 .text.HAL_QSPI_MspDeInit
                0x0000000008002e8c       0x58 ../DaisyExamples/libdaisy/build/libdaisy.a(qspi.o)
                0x0000000008002e8c                HAL_QSPI_MspDeInit
 .text.QUADSPI_IRQHandler
                0x0000000008002ee4        0xc ../DaisyExamples/libdaisy/build/libdaisy.a(qspi.o)
                0x0000000008002ee4                QUADSPI_IRQHandler
 .text._ZN5daisy9SaiHandle4Impl7InitDmaENS1_15PeripheralBlockE
                0x0000000008002ef0       0xa0 ../DaisyExamples/libdaisy/build/libdaisy.a(sai.o)
                0x0000000008002ef0                daisy::SaiHandle::Impl::InitDma(daisy::SaiHandle::Impl::PeripheralBlock)
 .text._ZN5daisy9SaiHandle4Impl8InitPinsEv
                0x0000000008002f90       0xa8 ../DaisyExamples/libdaisy/build/libdaisy.a(sai.o)
                0x0000000008002f90                daisy::SaiHandle::Impl::InitPins()
 .text.HAL_SAI_MspInit
                0x0000000008003038      0x164 ../DaisyExamples/libdaisy/build/libdaisy.a(sai.o)
                0x0000000008003038                HAL_SAI_MspInit
 .text.DMA1_Stream0_IRQHandler
                0x000000000800319c        0xc ../DaisyExamples/libdaisy/build/libdaisy.a(sai.o)
                0x000000000800319c                DMA1_Stream0_IRQHandler
 .text.DMA1_Stream1_IRQHandler
                0x00000000080031a8        0xc ../DaisyExamples/libdaisy/build/libdaisy.a(sai.o)
                0x00000000080031a8                DMA1_Stream1_IRQHandler
 .text.DMA1_Stream3_IRQHandler
                0x00000000080031b4        0xc ../DaisyExamples/libdaisy/build/libdaisy.a(sai.o)
                0x00000000080031b4                DMA1_Stream3_IRQHandler
 .text.DMA1_Stream4_IRQHandler
                0x00000000080031c0        0xc ../DaisyExamples/libdaisy/build/libdaisy.a(sai.o)
                0x00000000080031c0                DMA1_Stream4_IRQHandler
 .text.HAL_SAI_RxHalfCpltCallback
                0x00000000080031cc       0x78 ../DaisyExamples/libdaisy/build/libdaisy.a(sai.o)
                0x00000000080031cc                HAL_SAI_RxHalfCpltCallback
 .text.HAL_SAI_RxCpltCallback
                0x0000000008003244       0x70 ../DaisyExamples/libdaisy/build/libdaisy.a(sai.o)
                0x0000000008003244                HAL_SAI_RxCpltCallback
 *fill*         0x00000000080032b4        0x4 
 .text._ZN5daisy9SaiHandle4InitERKNS0_6ConfigE
                0x00000000080032b8      0x1e0 ../DaisyExamples/libdaisy/build/libdaisy.a(sai.o)
                0x00000000080032b8                daisy::SaiHandle::Init(daisy::SaiHandle::Config const&)
 .text._ZNK5daisy9SaiHandle9GetConfigEv
                0x0000000008003498        0x4 ../DaisyExamples/libdaisy/build/libdaisy.a(sai.o)
                0x0000000008003498                daisy::SaiHandle::GetConfig() const
 .text._ZN5daisy9SaiHandle8StartDmaEPlS1_jPFvS1_S1_jE
                0x000000000800349c       0x68 ../DaisyExamples/libdaisy/build/libdaisy.a(sai.o)
                0x000000000800349c                daisy::SaiHandle::StartDma(long*, long*, unsigned int, void (*)(long*, long*, unsigned int))
 .text._ZN5daisy9SaiHandle13GetSampleRateEv
                0x0000000008003504       0x24 ../DaisyExamples/libdaisy/build/libdaisy.a(sai.o)
                0x0000000008003504                daisy::SaiHandle::GetSampleRate()
 .text._ZNK5daisy9SaiHandle9GetOffsetEv
                0x0000000008003528        0x8 ../DaisyExamples/libdaisy/build/libdaisy.a(sai.o)
                0x0000000008003528                daisy::SaiHandle::GetOffset() const
 .text._ZN5daisy11TimerHandleD2Ev
                0x0000000008003530        0x4 ../DaisyExamples/libdaisy/build/libdaisy.a(system.o)
                0x0000000008003530                daisy::TimerHandle::~TimerHandle()
                0x0000000008003530                daisy::TimerHandle::~TimerHandle()
 .text.SysTick_Handler
                0x0000000008003534       0x10 ../DaisyExamples/libdaisy/build/libdaisy.a(system.o)
                0x0000000008003534                SysTick_Handler
 .text.HardFault_Handler
                0x0000000008003544        0x4 ../DaisyExamples/libdaisy/build/libdaisy.a(system.o)
                0x0000000008003544                HardFault_Handler
 .text._ZN5daisy6System6GetNowEv
                0x0000000008003548        0x4 ../DaisyExamples/libdaisy/build/libdaisy.a(system.o)
                0x0000000008003548                daisy::System::GetNow()
 .text._ZN5daisy6System5DelayEm
                0x000000000800354c        0x4 ../DaisyExamples/libdaisy/build/libdaisy.a(system.o)
                0x000000000800354c                daisy::System::Delay(unsigned long)
 .text._ZN5daisy6System15ConfigureClocksEv
                0x0000000008003550      0x1bc ../DaisyExamples/libdaisy/build/libdaisy.a(system.o)
                0x0000000008003550                daisy::System::ConfigureClocks()
 .text._ZN5daisy6System4InitERKNS0_6ConfigE
                0x000000000800370c      0x114 ../DaisyExamples/libdaisy/build/libdaisy.a(system.o)
                0x000000000800370c                daisy::System::Init(daisy::System::Config const&)
 .text.startup._GLOBAL__sub_I_SysTick_Handler
                0x0000000008003820       0x1c ../DaisyExamples/libdaisy/build/libdaisy.a(system.o)
 .text.SystemInit
                0x000000000800383c       0x80 ../DaisyExamples/libdaisy/build/libdaisy.a(system_stm32h7xx.o)
                0x000000000800383c                SystemInit
 .text.dsy_hal_map_get_port
                0x00000000080038bc       0x10 ../DaisyExamples/libdaisy/build/libdaisy.a(hal_map.o)
                0x00000000080038bc                dsy_hal_map_get_port
 .text.dsy_hal_map_get_pin
                0x00000000080038cc       0x10 ../DaisyExamples/libdaisy/build/libdaisy.a(hal_map.o)
                0x00000000080038cc                dsy_hal_map_get_pin
 .text.HAL_MspInit
                0x00000000080038dc        0x4 ../DaisyExamples/libdaisy/build/libdaisy.a(stm32h7xx_hal.o)
                0x00000000080038dc                HAL_MspInit
 .text.HAL_InitTick
                0x00000000080038e0       0x4c ../DaisyExamples/libdaisy/build/libdaisy.a(stm32h7xx_hal.o)
                0x00000000080038e0                HAL_InitTick
 .text.HAL_Init
                0x000000000800392c       0x5c ../DaisyExamples/libdaisy/build/libdaisy.a(stm32h7xx_hal.o)
                0x000000000800392c                HAL_Init
 .text.HAL_IncTick
                0x0000000008003988       0x18 ../DaisyExamples/libdaisy/build/libdaisy.a(stm32h7xx_hal.o)
                0x0000000008003988                HAL_IncTick
 .text.HAL_GetTick
                0x00000000080039a0        0xc ../DaisyExamples/libdaisy/build/libdaisy.a(stm32h7xx_hal.o)
                0x00000000080039a0                HAL_GetTick
 .text.HAL_Delay
                0x00000000080039ac       0x24 ../DaisyExamples/libdaisy/build/libdaisy.a(stm32h7xx_hal.o)
                0x00000000080039ac                HAL_Delay
 .text.HAL_GetREVID
                0x00000000080039d0        0xc ../DaisyExamples/libdaisy/build/libdaisy.a(stm32h7xx_hal.o)
                0x00000000080039d0                HAL_GetREVID
 .text.HAL_ADC_ConvHalfCpltCallback
                0x00000000080039dc        0x4 ../DaisyExamples/libdaisy/build/libdaisy.a(stm32h7xx_hal_adc.o)
                0x00000000080039dc                HAL_ADC_ConvHalfCpltCallback
 .text.ADC_DMAHalfConvCplt
                0x00000000080039e0        0xc ../DaisyExamples/libdaisy/build/libdaisy.a(stm32h7xx_hal_adc.o)
                0x00000000080039e0                ADC_DMAHalfConvCplt
 .text.ADC_DMAConvCplt
                0x00000000080039ec       0x6c ../DaisyExamples/libdaisy/build/libdaisy.a(stm32h7xx_hal_adc.o)
                0x00000000080039ec                ADC_DMAConvCplt
 .text.ADC_DMAError
                0x0000000008003a58       0x1c ../DaisyExamples/libdaisy/build/libdaisy.a(stm32h7xx_hal_adc.o)
                0x0000000008003a58                ADC_DMAError
 .text.HAL_ADC_ConfigChannel
                0x0000000008003a74      0x3fc ../DaisyExamples/libdaisy/build/libdaisy.a(stm32h7xx_hal_adc.o)
                0x0000000008003a74                HAL_ADC_ConfigChannel
 .text.ADC_Enable
                0x0000000008003e70       0xac ../DaisyExamples/libdaisy/build/libdaisy.a(stm32h7xx_hal_adc.o)
                0x0000000008003e70                ADC_Enable
 .text.HAL_ADC_Start_DMA
                0x0000000008003f1c      0x118 ../DaisyExamples/libdaisy/build/libdaisy.a(stm32h7xx_hal_adc.o)
                0x0000000008003f1c                HAL_ADC_Start_DMA
 .text.ADC_Disable
                0x0000000008004034       0x68 ../DaisyExamples/libdaisy/build/libdaisy.a(stm32h7xx_hal_adc.o)
                0x0000000008004034                ADC_Disable
 .text.ADC_ConfigureBoostMode
                0x000000000800409c      0x190 ../DaisyExamples/libdaisy/build/libdaisy.a(stm32h7xx_hal_adc.o)
                0x000000000800409c                ADC_ConfigureBoostMode
 .text.HAL_ADC_Init
                0x000000000800422c      0x214 ../DaisyExamples/libdaisy/build/libdaisy.a(stm32h7xx_hal_adc.o)
                0x000000000800422c                HAL_ADC_Init
 .text.HAL_ADCEx_Calibration_Start
                0x0000000008004440       0xa4 ../DaisyExamples/libdaisy/build/libdaisy.a(stm32h7xx_hal_adc_ex.o)
                0x0000000008004440                HAL_ADCEx_Calibration_Start
 .text.HAL_ADCEx_MultiModeConfigChannel
                0x00000000080044e4       0xc4 ../DaisyExamples/libdaisy/build/libdaisy.a(stm32h7xx_hal_adc_ex.o)
                0x00000000080044e4                HAL_ADCEx_MultiModeConfigChannel
 .text.HAL_NVIC_SetPriorityGrouping
                0x00000000080045a8       0x28 ../DaisyExamples/libdaisy/build/libdaisy.a(stm32h7xx_hal_cortex.o)
                0x00000000080045a8                HAL_NVIC_SetPriorityGrouping
 .text.HAL_NVIC_SetPriority
                0x00000000080045d0       0x74 ../DaisyExamples/libdaisy/build/libdaisy.a(stm32h7xx_hal_cortex.o)
                0x00000000080045d0                HAL_NVIC_SetPriority
 .text.HAL_NVIC_EnableIRQ
                0x0000000008004644       0x1c ../DaisyExamples/libdaisy/build/libdaisy.a(stm32h7xx_hal_cortex.o)
                0x0000000008004644                HAL_NVIC_EnableIRQ
 .text.HAL_NVIC_DisableIRQ
                0x0000000008004660       0x28 ../DaisyExamples/libdaisy/build/libdaisy.a(stm32h7xx_hal_cortex.o)
                0x0000000008004660                HAL_NVIC_DisableIRQ
 .text.HAL_SYSTICK_Config
                0x0000000008004688       0x30 ../DaisyExamples/libdaisy/build/libdaisy.a(stm32h7xx_hal_cortex.o)
                0x0000000008004688                HAL_SYSTICK_Config
 .text.HAL_MPU_Disable
                0x00000000080046b8       0x20 ../DaisyExamples/libdaisy/build/libdaisy.a(stm32h7xx_hal_cortex.o)
                0x00000000080046b8                HAL_MPU_Disable
 .text.HAL_MPU_Enable
                0x00000000080046d8       0x24 ../DaisyExamples/libdaisy/build/libdaisy.a(stm32h7xx_hal_cortex.o)
                0x00000000080046d8                HAL_MPU_Enable
 .text.HAL_MPU_ConfigRegion
                0x00000000080046fc       0x50 ../DaisyExamples/libdaisy/build/libdaisy.a(stm32h7xx_hal_cortex.o)
                0x00000000080046fc                HAL_MPU_ConfigRegion
 .text.HAL_SYSTICK_Callback
                0x000000000800474c        0x4 ../DaisyExamples/libdaisy/build/libdaisy.a(stm32h7xx_hal_cortex.o)
                0x000000000800474c                HAL_SYSTICK_Callback
 .text.HAL_SYSTICK_IRQHandler
                0x0000000008004750        0x8 ../DaisyExamples/libdaisy/build/libdaisy.a(stm32h7xx_hal_cortex.o)
                0x0000000008004750                HAL_SYSTICK_IRQHandler
 .text.DMA_CalcBaseAndBitshift
                0x0000000008004758       0xf8 ../DaisyExamples/libdaisy/build/libdaisy.a(stm32h7xx_hal_dma.o)
 .text.DMA_CalcDMAMUXChannelBaseAndMask
                0x0000000008004850       0xd8 ../DaisyExamples/libdaisy/build/libdaisy.a(stm32h7xx_hal_dma.o)
 .text.HAL_DMA_Init
                0x0000000008004928      0x394 ../DaisyExamples/libdaisy/build/libdaisy.a(stm32h7xx_hal_dma.o)
                0x0000000008004928                HAL_DMA_Init
 .text.HAL_DMA_Start_IT
                0x0000000008004cbc      0x250 ../DaisyExamples/libdaisy/build/libdaisy.a(stm32h7xx_hal_dma.o)
                0x0000000008004cbc                HAL_DMA_Start_IT
 .text.HAL_DMA_IRQHandler
                0x0000000008004f0c      0x6bc ../DaisyExamples/libdaisy/build/libdaisy.a(stm32h7xx_hal_dma.o)
                0x0000000008004f0c                HAL_DMA_IRQHandler
 .text.HAL_DMA_GetError
                0x00000000080055c8        0x4 ../DaisyExamples/libdaisy/build/libdaisy.a(stm32h7xx_hal_dma.o)
                0x00000000080055c8                HAL_DMA_GetError
 .text.HAL_GPIO_Init
                0x00000000080055cc      0x248 ../DaisyExamples/libdaisy/build/libdaisy.a(stm32h7xx_hal_gpio.o)
                0x00000000080055cc                HAL_GPIO_Init
 .text.HAL_GPIO_DeInit
                0x0000000008005814      0x19c ../DaisyExamples/libdaisy/build/libdaisy.a(stm32h7xx_hal_gpio.o)
                0x0000000008005814                HAL_GPIO_DeInit
 .text.HAL_GPIO_WritePin
                0x00000000080059b0        0x8 ../DaisyExamples/libdaisy/build/libdaisy.a(stm32h7xx_hal_gpio.o)
                0x00000000080059b0                HAL_GPIO_WritePin
 .text.HAL_PWREx_ConfigSupply
                0x00000000080059b8       0x4c ../DaisyExamples/libdaisy/build/libdaisy.a(stm32h7xx_hal_pwr_ex.o)
                0x00000000080059b8                HAL_PWREx_ConfigSupply
 .text.HAL_PWREx_EnableUSBVoltageDetector
                0x0000000008005a04       0x10 ../DaisyExamples/libdaisy/build/libdaisy.a(stm32h7xx_hal_pwr_ex.o)
                0x0000000008005a04                HAL_PWREx_EnableUSBVoltageDetector
 .text.QSPI_Config
                0x0000000008005a14      0x1d4 ../DaisyExamples/libdaisy/build/libdaisy.a(stm32h7xx_hal_qspi.o)
 .text.HAL_QSPI_Init
                0x0000000008005be8       0xd8 ../DaisyExamples/libdaisy/build/libdaisy.a(stm32h7xx_hal_qspi.o)
                0x0000000008005be8                HAL_QSPI_Init
 .text.HAL_QSPI_DeInit
                0x0000000008005cc0       0x3c ../DaisyExamples/libdaisy/build/libdaisy.a(stm32h7xx_hal_qspi.o)
                0x0000000008005cc0                HAL_QSPI_DeInit
 .text.HAL_QSPI_Command
                0x0000000008005cfc       0xd4 ../DaisyExamples/libdaisy/build/libdaisy.a(stm32h7xx_hal_qspi.o)
                0x0000000008005cfc                HAL_QSPI_Command
 .text.HAL_QSPI_Transmit
                0x0000000008005dd0       0xfc ../DaisyExamples/libdaisy/build/libdaisy.a(stm32h7xx_hal_qspi.o)
                0x0000000008005dd0                HAL_QSPI_Transmit
 .text.HAL_QSPI_Receive
                0x0000000008005ecc      0x108 ../DaisyExamples/libdaisy/build/libdaisy.a(stm32h7xx_hal_qspi.o)
                0x0000000008005ecc                HAL_QSPI_Receive
 .text.HAL_QSPI_AutoPolling
                0x0000000008005fd4       0xe8 ../DaisyExamples/libdaisy/build/libdaisy.a(stm32h7xx_hal_qspi.o)
                0x0000000008005fd4                HAL_QSPI_AutoPolling
 .text.HAL_QSPI_MemoryMapped
                0x00000000080060bc       0xb8 ../DaisyExamples/libdaisy/build/libdaisy.a(stm32h7xx_hal_qspi.o)
                0x00000000080060bc                HAL_QSPI_MemoryMapped
 .text.HAL_QSPI_ErrorCallback
                0x0000000008006174        0x4 ../DaisyExamples/libdaisy/build/libdaisy.a(stm32h7xx_hal_qspi.o)
                0x0000000008006174                HAL_QSPI_ErrorCallback
 .text.QSPI_DMAAbortCplt
                0x0000000008006178       0x38 ../DaisyExamples/libdaisy/build/libdaisy.a(stm32h7xx_hal_qspi.o)
 .text.HAL_QSPI_AbortCpltCallback
                0x00000000080061b0        0x4 ../DaisyExamples/libdaisy/build/libdaisy.a(stm32h7xx_hal_qspi.o)
                0x00000000080061b0                HAL_QSPI_AbortCpltCallback
 .text.HAL_QSPI_CmdCpltCallback
                0x00000000080061b4        0x4 ../DaisyExamples/libdaisy/build/libdaisy.a(stm32h7xx_hal_qspi.o)
                0x00000000080061b4                HAL_QSPI_CmdCpltCallback
 .text.HAL_QSPI_RxCpltCallback
                0x00000000080061b8        0x4 ../DaisyExamples/libdaisy/build/libdaisy.a(stm32h7xx_hal_qspi.o)
                0x00000000080061b8                HAL_QSPI_RxCpltCallback
 .text.HAL_QSPI_TxCpltCallback
                0x00000000080061bc        0x4 ../DaisyExamples/libdaisy/build/libdaisy.a(stm32h7xx_hal_qspi.o)
                0x00000000080061bc                HAL_QSPI_TxCpltCallback
 .text.HAL_QSPI_FifoThresholdCallback
                0x00000000080061c0        0x4 ../DaisyExamples/libdaisy/build/libdaisy.a(stm32h7xx_hal_qspi.o)
                0x00000000080061c0                HAL_QSPI_FifoThresholdCallback
 .text.HAL_QSPI_StatusMatchCallback
                0x00000000080061c4        0x4 ../DaisyExamples/libdaisy/build/libdaisy.a(stm32h7xx_hal_qspi.o)
                0x00000000080061c4                HAL_QSPI_StatusMatchCallback
 .text.HAL_QSPI_TimeOutCallback
                0x00000000080061c8        0x4 ../DaisyExamples/libdaisy/build/libdaisy.a(stm32h7xx_hal_qspi.o)
                0x00000000080061c8                HAL_QSPI_TimeOutCallback
 .text.HAL_QSPI_IRQHandler
                0x00000000080061cc      0x210 ../DaisyExamples/libdaisy/build/libdaisy.a(stm32h7xx_hal_qspi.o)
                0x00000000080061cc                HAL_QSPI_IRQHandler
 .text.HAL_RCC_OscConfig
                0x00000000080063dc      0x540 ../DaisyExamples/libdaisy/build/libdaisy.a(stm32h7xx_hal_rcc.o)
                0x00000000080063dc                HAL_RCC_OscConfig
 .text.HAL_RCC_GetSysClockFreq
                0x000000000800691c      0x140 ../DaisyExamples/libdaisy/build/libdaisy.a(stm32h7xx_hal_rcc.o)
                0x000000000800691c                HAL_RCC_GetSysClockFreq
 .text.HAL_RCC_ClockConfig
                0x0000000008006a5c      0x234 ../DaisyExamples/libdaisy/build/libdaisy.a(stm32h7xx_hal_rcc.o)
                0x0000000008006a5c                HAL_RCC_ClockConfig
 .text.HAL_RCC_GetHCLKFreq
                0x0000000008006c90       0x2c ../DaisyExamples/libdaisy/build/libdaisy.a(stm32h7xx_hal_rcc.o)
                0x0000000008006c90                HAL_RCC_GetHCLKFreq
 .text.RCCEx_PLL2_Config
                0x0000000008006cbc       0xf8 ../DaisyExamples/libdaisy/build/libdaisy.a(stm32h7xx_hal_rcc_ex.o)
 .text.RCCEx_PLL3_Config
                0x0000000008006db4       0xf8 ../DaisyExamples/libdaisy/build/libdaisy.a(stm32h7xx_hal_rcc_ex.o)
 .text.HAL_RCCEx_PeriphCLKConfig
                0x0000000008006eac      0xa7c ../DaisyExamples/libdaisy/build/libdaisy.a(stm32h7xx_hal_rcc_ex.o)
                0x0000000008006eac                HAL_RCCEx_PeriphCLKConfig
 .text.HAL_RCCEx_GetPLL2ClockFreq
                0x0000000008007928      0x17c ../DaisyExamples/libdaisy/build/libdaisy.a(stm32h7xx_hal_rcc_ex.o)
                0x0000000008007928                HAL_RCCEx_GetPLL2ClockFreq
 .text.HAL_RCCEx_GetPLL3ClockFreq
                0x0000000008007aa4      0x17c ../DaisyExamples/libdaisy/build/libdaisy.a(stm32h7xx_hal_rcc_ex.o)
                0x0000000008007aa4                HAL_RCCEx_GetPLL3ClockFreq
 .text.HAL_RCCEx_GetPLL1ClockFreq
                0x0000000008007c20      0x17c ../DaisyExamples/libdaisy/build/libdaisy.a(stm32h7xx_hal_rcc_ex.o)
                0x0000000008007c20                HAL_RCCEx_GetPLL1ClockFreq
 .text.HAL_RCCEx_GetPeriphCLKFreq
                0x0000000008007d9c      0x198 ../DaisyExamples/libdaisy/build/libdaisy.a(stm32h7xx_hal_rcc_ex.o)
                0x0000000008007d9c                HAL_RCCEx_GetPeriphCLKFreq
 .text.HAL_RCCEx_GetD1SysClockFreq
                0x0000000008007f34       0x2c ../DaisyExamples/libdaisy/build/libdaisy.a(stm32h7xx_hal_rcc_ex.o)
                0x0000000008007f34                HAL_RCCEx_GetD1SysClockFreq
 .text.HAL_SAI_Init.part.0
                0x0000000008007f60      0x364 ../DaisyExamples/libdaisy/build/libdaisy.a(stm32h7xx_hal_sai.o)
 .text.HAL_SAI_InitProtocol
                0x00000000080082c4      0x184 ../DaisyExamples/libdaisy/build/libdaisy.a(stm32h7xx_hal_sai.o)
                0x00000000080082c4                HAL_SAI_InitProtocol
 .text.HAL_SAI_Transmit_DMA
                0x0000000008008448      0x124 ../DaisyExamples/libdaisy/build/libdaisy.a(stm32h7xx_hal_sai.o)
                0x0000000008008448                HAL_SAI_Transmit_DMA
 .text.HAL_SAI_Receive_DMA
                0x000000000800856c       0xcc ../DaisyExamples/libdaisy/build/libdaisy.a(stm32h7xx_hal_sai.o)
                0x000000000800856c                HAL_SAI_Receive_DMA
 .text.HAL_SAI_TxCpltCallback
                0x0000000008008638        0x4 ../DaisyExamples/libdaisy/build/libdaisy.a(stm32h7xx_hal_sai.o)
                0x0000000008008638                HAL_SAI_TxCpltCallback
 .text.SAI_DMATxCplt
                0x000000000800863c       0x60 ../DaisyExamples/libdaisy/build/libdaisy.a(stm32h7xx_hal_sai.o)
 .text.HAL_SAI_TxHalfCpltCallback
                0x000000000800869c        0x4 ../DaisyExamples/libdaisy/build/libdaisy.a(stm32h7xx_hal_sai.o)
                0x000000000800869c                HAL_SAI_TxHalfCpltCallback
 .text.SAI_DMATxHalfCplt
                0x00000000080086a0        0xc ../DaisyExamples/libdaisy/build/libdaisy.a(stm32h7xx_hal_sai.o)
 .text.SAI_DMARxCplt
                0x00000000080086ac       0x60 ../DaisyExamples/libdaisy/build/libdaisy.a(stm32h7xx_hal_sai.o)
 .text.SAI_DMARxHalfCplt
                0x000000000800870c        0xc ../DaisyExamples/libdaisy/build/libdaisy.a(stm32h7xx_hal_sai.o)
 .text.HAL_SAI_ErrorCallback
                0x0000000008008718        0x4 ../DaisyExamples/libdaisy/build/libdaisy.a(stm32h7xx_hal_sai.o)
                0x0000000008008718                HAL_SAI_ErrorCallback
 .text.SAI_DMAError
                0x000000000800871c       0x6c ../DaisyExamples/libdaisy/build/libdaisy.a(stm32h7xx_hal_sai.o)
 .text.HAL_SDRAM_Init
                0x0000000008008788       0x54 ../DaisyExamples/libdaisy/build/libdaisy.a(stm32h7xx_hal_sdram.o)
                0x0000000008008788                HAL_SDRAM_Init
 .text.HAL_SDRAM_SendCommand
                0x00000000080087dc       0x40 ../DaisyExamples/libdaisy/build/libdaisy.a(stm32h7xx_hal_sdram.o)
                0x00000000080087dc                HAL_SDRAM_SendCommand
 .text.HAL_SDRAM_ProgramRefreshRate
                0x000000000800881c       0x30 ../DaisyExamples/libdaisy/build/libdaisy.a(stm32h7xx_hal_sdram.o)
                0x000000000800881c                HAL_SDRAM_ProgramRefreshRate
 .text.FMC_SDRAM_Init
                0x000000000800884c       0x78 ../DaisyExamples/libdaisy/build/libdaisy.a(stm32h7xx_ll_fmc.o)
                0x000000000800884c                FMC_SDRAM_Init
 .text.FMC_SDRAM_Timing_Init
                0x00000000080088c4       0x98 ../DaisyExamples/libdaisy/build/libdaisy.a(stm32h7xx_ll_fmc.o)
                0x00000000080088c4                FMC_SDRAM_Timing_Init
 .text.FMC_SDRAM_SendCommand
                0x000000000800895c       0x24 ../DaisyExamples/libdaisy/build/libdaisy.a(stm32h7xx_ll_fmc.o)
                0x000000000800895c                FMC_SDRAM_SendCommand
 .text.FMC_SDRAM_ProgramRefreshRate
                0x0000000008008980       0x1c ../DaisyExamples/libdaisy/build/libdaisy.a(stm32h7xx_ll_fmc.o)
                0x0000000008008980                FMC_SDRAM_ProgramRefreshRate
 .text.dsy_i2c_global_init
                0x000000000800899c       0x70 ../DaisyExamples/libdaisy/build/libdaisy.a(i2c.o)
                0x000000000800899c                dsy_i2c_global_init
 .text.DMA1_Stream6_IRQHandler
                0x0000000008008a0c       0x24 ../DaisyExamples/libdaisy/build/libdaisy.a(i2c.o)
                0x0000000008008a0c                DMA1_Stream6_IRQHandler
 .text.I2C1_EV_IRQHandler
                0x0000000008008a30        0xc ../DaisyExamples/libdaisy/build/libdaisy.a(i2c.o)
                0x0000000008008a30                I2C1_EV_IRQHandler
 .text.I2C2_EV_IRQHandler
                0x0000000008008a3c        0xc ../DaisyExamples/libdaisy/build/libdaisy.a(i2c.o)
                0x0000000008008a3c                I2C2_EV_IRQHandler
 .text.I2C3_EV_IRQHandler
                0x0000000008008a48        0xc ../DaisyExamples/libdaisy/build/libdaisy.a(i2c.o)
                0x0000000008008a48                I2C3_EV_IRQHandler
 .text.HAL_TIM_Base_MspInit
                0x0000000008008a54       0xa8 ../DaisyExamples/libdaisy/build/libdaisy.a(tim.o)
                0x0000000008008a54                HAL_TIM_Base_MspInit
 .text._ZN5daisy11TimerHandle4InitERKNS0_6ConfigE
                0x0000000008008afc       0xd0 ../DaisyExamples/libdaisy/build/libdaisy.a(tim.o)
                0x0000000008008afc                daisy::TimerHandle::Init(daisy::TimerHandle::Config const&)
 .text._ZN5daisy11TimerHandle5StartEv
                0x0000000008008bcc       0x14 ../DaisyExamples/libdaisy/build/libdaisy.a(tim.o)
                0x0000000008008bcc                daisy::TimerHandle::Start()
 .text.dsy_dma_init
                0x0000000008008be0       0x98 ../DaisyExamples/libdaisy/build/libdaisy.a(dma.o)
                0x0000000008008be0                dsy_dma_init
 .text.HAL_I2C_EV_IRQHandler
                0x0000000008008c78       0x10 ../DaisyExamples/libdaisy/build/libdaisy.a(stm32h7xx_hal_i2c.o)
                0x0000000008008c78                HAL_I2C_EV_IRQHandler
 .text.HAL_MDMA_Abort_IT
                0x0000000008008c88       0x2c ../DaisyExamples/libdaisy/build/libdaisy.a(stm32h7xx_hal_mdma.o)
                0x0000000008008c88                HAL_MDMA_Abort_IT
 .text.HAL_TIM_Base_Init
                0x0000000008008cb4      0x130 ../DaisyExamples/libdaisy/build/libdaisy.a(stm32h7xx_hal_tim.o)
                0x0000000008008cb4                HAL_TIM_Base_Init
 .text.HAL_TIM_Base_Start
                0x0000000008008de4       0x38 ../DaisyExamples/libdaisy/build/libdaisy.a(stm32h7xx_hal_tim.o)
                0x0000000008008de4                HAL_TIM_Base_Start
 .text.HAL_TIM_ConfigClockSource
                0x0000000008008e1c      0x17c ../DaisyExamples/libdaisy/build/libdaisy.a(stm32h7xx_hal_tim.o)
                0x0000000008008e1c                HAL_TIM_ConfigClockSource
 .text.HAL_TIMEx_MasterConfigSynchronization
                0x0000000008008f98       0x60 ../DaisyExamples/libdaisy/build/libdaisy.a(stm32h7xx_hal_tim_ex.o)
                0x0000000008008f98                HAL_TIMEx_MasterConfigSynchronization
 .text.__aeabi_atexit
                0x0000000008008ff8        0xa /usr/local/Cellar/arm-none-eabi-gcc/9-2019-q4-major/gcc/bin/../lib/gcc/arm-none-eabi/9.2.1/../../../../arm-none-eabi/lib/thumb/v7e-m+dp/hard/libstdc++_nano.a(atexit_arm.o)
                0x0000000008008ff8                __aeabi_atexit
 *fill*         0x0000000008009002        0x2 
 .text.__cxa_atexit
                0x0000000008009004       0x1c /usr/local/Cellar/arm-none-eabi-gcc/9-2019-q4-major/gcc/bin/../lib/gcc/arm-none-eabi/9.2.1/../../../../arm-none-eabi/lib/thumb/v7e-m+dp/hard/libc_nano.a(lib_a-cxa_atexit.o)
                0x0000000008009004                __cxa_atexit
 .text.__libc_init_array
                0x0000000008009020       0x48 /usr/local/Cellar/arm-none-eabi-gcc/9-2019-q4-major/gcc/bin/../lib/gcc/arm-none-eabi/9.2.1/../../../../arm-none-eabi/lib/thumb/v7e-m+dp/hard/libc_nano.a(lib_a-init.o)
                0x0000000008009020                __libc_init_array
 .text.memset   0x0000000008009068       0x10 /usr/local/Cellar/arm-none-eabi-gcc/9-2019-q4-major/gcc/bin/../lib/gcc/arm-none-eabi/9.2.1/../../../../arm-none-eabi/lib/thumb/v7e-m+dp/hard/libc_nano.a(lib_a-memset.o)
                0x0000000008009068                memset
 *(.rodata)
 .rodata        0x0000000008009078       0x10 ../DaisyExamples/libdaisy/build/libdaisy.a(tim.o)
 *(.rodata*)
 .rodata._ZL8seedgpio
                0x0000000008009088       0x3e ../DaisyExamples/libdaisy/build/libdaisy.a(daisy_seed.o)
 *fill*         0x00000000080090c6        0x2 
 .rodata._ZL16dsy_adc_rank_map
                0x00000000080090c8       0x40 ../DaisyExamples/libdaisy/build/libdaisy.a(adc.o)
 .rodata.HAL_QSPI_MspInit.str1.4
                0x0000000008009108        0x7 ../DaisyExamples/libdaisy/build/libdaisy.a(qspi.o)
 *fill*         0x000000000800910f        0x1 
 .rodata.CSWTCH.33
                0x0000000008009110        0x3 ../DaisyExamples/libdaisy/build/libdaisy.a(sai.o)
 *fill*         0x0000000008009113        0x1 
 .rodata.CSWTCH.34
                0x0000000008009114        0xc ../DaisyExamples/libdaisy/build/libdaisy.a(sai.o)
 .rodata.CSWTCH.41
                0x0000000008009120       0x14 ../DaisyExamples/libdaisy/build/libdaisy.a(sai.o)
 .rodata.D1CorePrescTable
                0x0000000008009134       0x10 ../DaisyExamples/libdaisy/build/libdaisy.a(system_stm32h7xx.o)
                0x0000000008009134                D1CorePrescTable
 .rodata.gpio_hal_pin_map
                0x0000000008009144       0x20 ../DaisyExamples/libdaisy/build/libdaisy.a(hal_map.o)
 .rodata.gpio_hal_port_map
                0x0000000008009164       0x30 ../DaisyExamples/libdaisy/build/libdaisy.a(hal_map.o)
 .rodata.flagBitshiftOffset.17899
                0x0000000008009194        0x8 ../DaisyExamples/libdaisy/build/libdaisy.a(stm32h7xx_hal_dma.o)
 *(.glue_7)
 .glue_7        0x000000000800919c        0x0 linker stubs
 *(.glue_7t)
 .glue_7t       0x000000000800919c        0x0 linker stubs
 *(.init)
 .init          0x000000000800919c        0x4 /usr/local/Cellar/arm-none-eabi-gcc/9-2019-q4-major/gcc/bin/../lib/gcc/arm-none-eabi/9.2.1/thumb/v7e-m+dp/hard/crti.o
                0x000000000800919c                _init
 .init          0x00000000080091a0        0x8 /usr/local/Cellar/arm-none-eabi-gcc/9-2019-q4-major/gcc/bin/../lib/gcc/arm-none-eabi/9.2.1/thumb/v7e-m+dp/hard/crtn.o
 *(.fini)
 .fini          0x00000000080091a8        0x4 /usr/local/Cellar/arm-none-eabi-gcc/9-2019-q4-major/gcc/bin/../lib/gcc/arm-none-eabi/9.2.1/thumb/v7e-m+dp/hard/crti.o
                0x00000000080091a8                _fini
 .fini          0x00000000080091ac        0x8 /usr/local/Cellar/arm-none-eabi-gcc/9-2019-q4-major/gcc/bin/../lib/gcc/arm-none-eabi/9.2.1/thumb/v7e-m+dp/hard/crtn.o
                0x00000000080091b4                . = ALIGN (0x4)
                0x00000000080091b4                _etext = .

.eh_frame       0x00000000080091b4        0x0
 .eh_frame      0x00000000080091b4        0x0 /usr/local/Cellar/arm-none-eabi-gcc/9-2019-q4-major/gcc/bin/../lib/gcc/arm-none-eabi/9.2.1/thumb/v7e-m+dp/hard/crtbegin.o

.vfp11_veneer   0x00000000080091b4        0x0
 .vfp11_veneer  0x00000000080091b4        0x0 linker stubs

.v4_bx          0x00000000080091b4        0x0
 .v4_bx         0x00000000080091b4        0x0 linker stubs

.iplt           0x00000000080091b4        0x0
 .iplt          0x00000000080091b4        0x0 /usr/local/Cellar/arm-none-eabi-gcc/9-2019-q4-major/gcc/bin/../lib/gcc/arm-none-eabi/9.2.1/thumb/v7e-m+dp/hard/crtbegin.o

.rel.dyn        0x00000000080091b4        0x0
 .rel.iplt      0x00000000080091b4        0x0 /usr/local/Cellar/arm-none-eabi-gcc/9-2019-q4-major/gcc/bin/../lib/gcc/arm-none-eabi/9.2.1/thumb/v7e-m+dp/hard/crtbegin.o

.ARM.extab      0x00000000080091b4        0x0
                0x00000000080091b4                . = ALIGN (0x4)
 *(.ARM.extab)
 *(.gnu.linkonce.armextab.*)
                0x00000000080091b4                . = ALIGN (0x4)

.exidx          0x00000000080091b4        0x0
                0x00000000080091b4                . = ALIGN (0x4)
                [!provide]                        PROVIDE (__exidx_start = .)
 *(.ARM.exidx*)
                0x00000000080091b4                . = ALIGN (0x4)
                [!provide]                        PROVIDE (__exidx_end = .)

.ARM.attributes
                0x00000000080091b4       0x2e
 *(.ARM.attributes)
 .ARM.attributes
                0x00000000080091b4       0x1e /usr/local/Cellar/arm-none-eabi-gcc/9-2019-q4-major/gcc/bin/../lib/gcc/arm-none-eabi/9.2.1/thumb/v7e-m+dp/hard/crti.o
 .ARM.attributes
                0x00000000080091d2       0x32 /usr/local/Cellar/arm-none-eabi-gcc/9-2019-q4-major/gcc/bin/../lib/gcc/arm-none-eabi/9.2.1/thumb/v7e-m+dp/hard/crtbegin.o
 .ARM.attributes
                0x0000000008009204       0x32 build/startup_stm32h750xx.o
 .ARM.attributes
                0x0000000008009236       0x32 build/MuxTest.o
 .ARM.attributes
                0x0000000008009268       0x32 build/QSPI_Settings.o
 .ARM.attributes
                0x000000000800929a       0x32 ../DaisyExamples/libdaisy/build/libdaisy.a(daisy_seed.o)
 .ARM.attributes
                0x00000000080092cc       0x32 ../DaisyExamples/libdaisy/build/libdaisy.a(codec_ak4556.o)
 .ARM.attributes
                0x00000000080092fe       0x32 ../DaisyExamples/libdaisy/build/libdaisy.a(sdram.o)
 .ARM.attributes
                0x0000000008009330       0x32 ../DaisyExamples/libdaisy/build/libdaisy.a(audio.o)
 .ARM.attributes
                0x0000000008009362       0x32 ../DaisyExamples/libdaisy/build/libdaisy.a(led.o)
 .ARM.attributes
                0x0000000008009394       0x32 ../DaisyExamples/libdaisy/build/libdaisy.a(adc.o)
 .ARM.attributes
                0x00000000080093c6       0x32 ../DaisyExamples/libdaisy/build/libdaisy.a(gpio.o)
 .ARM.attributes
                0x00000000080093f8       0x32 ../DaisyExamples/libdaisy/build/libdaisy.a(qspi.o)
 .ARM.attributes
                0x000000000800942a       0x32 ../DaisyExamples/libdaisy/build/libdaisy.a(sai.o)
 .ARM.attributes
                0x000000000800945c       0x32 ../DaisyExamples/libdaisy/build/libdaisy.a(system.o)
 .ARM.attributes
                0x000000000800948e       0x32 ../DaisyExamples/libdaisy/build/libdaisy.a(system_stm32h7xx.o)
 .ARM.attributes
                0x00000000080094c0       0x32 ../DaisyExamples/libdaisy/build/libdaisy.a(hal_map.o)
 .ARM.attributes
                0x00000000080094f2       0x32 ../DaisyExamples/libdaisy/build/libdaisy.a(stm32h7xx_hal.o)
 .ARM.attributes
                0x0000000008009524       0x32 ../DaisyExamples/libdaisy/build/libdaisy.a(stm32h7xx_hal_adc.o)
 .ARM.attributes
                0x0000000008009556       0x32 ../DaisyExamples/libdaisy/build/libdaisy.a(stm32h7xx_hal_adc_ex.o)
 .ARM.attributes
                0x0000000008009588       0x32 ../DaisyExamples/libdaisy/build/libdaisy.a(stm32h7xx_hal_cortex.o)
 .ARM.attributes
                0x00000000080095ba       0x32 ../DaisyExamples/libdaisy/build/libdaisy.a(stm32h7xx_hal_dma.o)
 .ARM.attributes
                0x00000000080095ec       0x32 ../DaisyExamples/libdaisy/build/libdaisy.a(stm32h7xx_hal_gpio.o)
 .ARM.attributes
                0x000000000800961e       0x32 ../DaisyExamples/libdaisy/build/libdaisy.a(stm32h7xx_hal_pwr_ex.o)
 .ARM.attributes
                0x0000000008009650       0x32 ../DaisyExamples/libdaisy/build/libdaisy.a(stm32h7xx_hal_qspi.o)
 .ARM.attributes
                0x0000000008009682       0x32 ../DaisyExamples/libdaisy/build/libdaisy.a(stm32h7xx_hal_rcc.o)
 .ARM.attributes
                0x00000000080096b4       0x32 ../DaisyExamples/libdaisy/build/libdaisy.a(stm32h7xx_hal_rcc_ex.o)
 .ARM.attributes
                0x00000000080096e6       0x32 ../DaisyExamples/libdaisy/build/libdaisy.a(stm32h7xx_hal_sai.o)
 .ARM.attributes
                0x0000000008009718       0x32 ../DaisyExamples/libdaisy/build/libdaisy.a(stm32h7xx_hal_sdram.o)
 .ARM.attributes
                0x000000000800974a       0x32 ../DaisyExamples/libdaisy/build/libdaisy.a(stm32h7xx_ll_fmc.o)
 .ARM.attributes
                0x000000000800977c       0x32 ../DaisyExamples/libdaisy/build/libdaisy.a(i2c.o)
 .ARM.attributes
                0x00000000080097ae       0x32 ../DaisyExamples/libdaisy/build/libdaisy.a(tim.o)
 .ARM.attributes
                0x00000000080097e0       0x32 ../DaisyExamples/libdaisy/build/libdaisy.a(dma.o)
 .ARM.attributes
                0x0000000008009812       0x32 ../DaisyExamples/libdaisy/build/libdaisy.a(stm32h7xx_hal_i2c.o)
 .ARM.attributes
                0x0000000008009844       0x32 ../DaisyExamples/libdaisy/build/libdaisy.a(stm32h7xx_hal_mdma.o)
 .ARM.attributes
                0x0000000008009876       0x32 ../DaisyExamples/libdaisy/build/libdaisy.a(stm32h7xx_hal_tim.o)
 .ARM.attributes
                0x00000000080098a8       0x32 ../DaisyExamples/libdaisy/build/libdaisy.a(stm32h7xx_hal_tim_ex.o)
 .ARM.attributes
                0x00000000080098da       0x32 /usr/local/Cellar/arm-none-eabi-gcc/9-2019-q4-major/gcc/bin/../lib/gcc/arm-none-eabi/9.2.1/../../../../arm-none-eabi/lib/thumb/v7e-m+dp/hard/libstdc++_nano.a(atexit_arm.o)
 .ARM.attributes
                0x000000000800990c       0x32 /usr/local/Cellar/arm-none-eabi-gcc/9-2019-q4-major/gcc/bin/../lib/gcc/arm-none-eabi/9.2.1/../../../../arm-none-eabi/lib/thumb/v7e-m+dp/hard/libc_nano.a(lib_a-cxa_atexit.o)
 .ARM.attributes
                0x000000000800993e       0x32 /usr/local/Cellar/arm-none-eabi-gcc/9-2019-q4-major/gcc/bin/../lib/gcc/arm-none-eabi/9.2.1/../../../../arm-none-eabi/lib/thumb/v7e-m+dp/hard/libc_nano.a(lib_a-init.o)
 .ARM.attributes
                0x0000000008009970       0x32 /usr/local/Cellar/arm-none-eabi-gcc/9-2019-q4-major/gcc/bin/../lib/gcc/arm-none-eabi/9.2.1/../../../../arm-none-eabi/lib/thumb/v7e-m+dp/hard/libc_nano.a(lib_a-memset.o)
 .ARM.attributes
                0x00000000080099a2       0x1e /usr/local/Cellar/arm-none-eabi-gcc/9-2019-q4-major/gcc/bin/../lib/gcc/arm-none-eabi/9.2.1/thumb/v7e-m+dp/hard/crtn.o

.preinit_array  0x00000000080091b4        0x0
                0x00000000080091b4                PROVIDE (__preinit_array_start = .)
 *(.preinit_array*)
                0x00000000080091b4                PROVIDE (__preinit_array_end = .)

.init_array     0x00000000080091b4       0x14
                0x00000000080091b4                PROVIDE (__init_array_start = .)
 *(SORT_BY_NAME(.init_array.*))
 *(.init_array*)
 .init_array    0x00000000080091b4        0x4 /usr/local/Cellar/arm-none-eabi-gcc/9-2019-q4-major/gcc/bin/../lib/gcc/arm-none-eabi/9.2.1/thumb/v7e-m+dp/hard/crtbegin.o
 .init_array    0x00000000080091b8        0x4 build/MuxTest.o
 .init_array    0x00000000080091bc        0x4 build/QSPI_Settings.o
 .init_array    0x00000000080091c0        0x4 ../DaisyExamples/libdaisy/build/libdaisy.a(audio.o)
 .init_array    0x00000000080091c4        0x4 ../DaisyExamples/libdaisy/build/libdaisy.a(system.o)
                0x00000000080091c8                PROVIDE (__init_array_end = .)

.fini_array     0x00000000080091c8        0x4
                [!provide]                        PROVIDE (__fini_array_start = .)
 *(.fini_array*)
 .fini_array    0x00000000080091c8        0x4 /usr/local/Cellar/arm-none-eabi-gcc/9-2019-q4-major/gcc/bin/../lib/gcc/arm-none-eabi/9.2.1/thumb/v7e-m+dp/hard/crtbegin.o
 *(SORT_BY_NAME(.fini_array.*))
                [!provide]                        PROVIDE (__fini_array_end = .)

.data           0x0000000024000000       0x18 load address 0x00000000080091cc
                0x0000000024000000                . = ALIGN (0x4)
                0x0000000024000000                _sdata = .
                [!provide]                        PROVIDE (__data_start__ = _sdata)
 *(.data)
 .data          0x0000000024000000        0x4 /usr/local/Cellar/arm-none-eabi-gcc/9-2019-q4-major/gcc/bin/../lib/gcc/arm-none-eabi/9.2.1/thumb/v7e-m+dp/hard/crtbegin.o
                0x0000000024000000                __dso_handle
 *(.data*)
 .data.base     0x0000000024000004        0x4 build/QSPI_Settings.o
                0x0000000024000004                base
 .data.SystemCoreClock
                0x0000000024000008        0x4 ../DaisyExamples/libdaisy/build/libdaisy.a(system_stm32h7xx.o)
                0x0000000024000008                SystemCoreClock
 .data.SystemD2Clock
                0x000000002400000c        0x4 ../DaisyExamples/libdaisy/build/libdaisy.a(system_stm32h7xx.o)
                0x000000002400000c                SystemD2Clock
 .data.uwTickFreq
                0x0000000024000010        0x1 ../DaisyExamples/libdaisy/build/libdaisy.a(stm32h7xx_hal.o)
 *fill*         0x0000000024000011        0x3 
 .data.uwTickPrio
                0x0000000024000014        0x4 ../DaisyExamples/libdaisy/build/libdaisy.a(stm32h7xx_hal.o)
                0x0000000024000018                . = ALIGN (0x4)
                0x0000000024000018                _edata = .
                [!provide]                        PROVIDE (__data_end__ = _edata)
                0x00000000080091cc                _sidata = LOADADDR (.data)

.igot.plt       0x0000000024000018        0x0 load address 0x00000000080091e4
 .igot.plt      0x0000000024000018        0x0 /usr/local/Cellar/arm-none-eabi-gcc/9-2019-q4-major/gcc/bin/../lib/gcc/arm-none-eabi/9.2.1/thumb/v7e-m+dp/hard/crtbegin.o

.bss            0x0000000024000018      0xd6c load address 0x00000000080091e4
                0x0000000024000018                . = ALIGN (0x4)
                0x0000000024000018                _sbss = .
                0x0000000024000018                PROVIDE (__bss_start__ = _sbss)
 *(.bss)
 .bss           0x0000000024000018       0x1c /usr/local/Cellar/arm-none-eabi-gcc/9-2019-q4-major/gcc/bin/../lib/gcc/arm-none-eabi/9.2.1/thumb/v7e-m+dp/hard/crtbegin.o
 *(.bss*)
 .bss.CV1       0x0000000024000034        0x4 build/MuxTest.o
                0x0000000024000034                CV1
 .bss.CV2       0x0000000024000038        0x4 build/MuxTest.o
                0x0000000024000038                CV2
 .bss.CV3       0x000000002400003c        0x4 build/MuxTest.o
                0x000000002400003c                CV3
 .bss.CV4       0x0000000024000040        0x4 build/MuxTest.o
                0x0000000024000040                CV4
 .bss.CV5       0x0000000024000044        0x4 build/MuxTest.o
                0x0000000024000044                CV5
 .bss.CV6       0x0000000024000048        0x4 build/MuxTest.o
                0x0000000024000048                CV6
 .bss.CV7       0x000000002400004c        0x4 build/MuxTest.o
                0x000000002400004c                CV7
 .bss._ZL2hw    0x0000000024000050       0x3c build/MuxTest.o
 .bss._ZZL13AudioCallbackPfS_jE13timeSinceLast
                0x000000002400008c        0x4 build/MuxTest.o
 .bss.led1      0x0000000024000090       0x1c build/MuxTest.o
                0x0000000024000090                led1
 .bss.led2      0x00000000240000ac       0x1c build/MuxTest.o
                0x00000000240000ac                led2
 .bss.pot1      0x00000000240000c8        0x4 build/MuxTest.o
                0x00000000240000c8                pot1
 .bss.pot2      0x00000000240000cc        0x4 build/MuxTest.o
                0x00000000240000cc                pot2
 .bss.pot3      0x00000000240000d0        0x4 build/MuxTest.o
                0x00000000240000d0                pot3
 .bss.pot4      0x00000000240000d4        0x4 build/MuxTest.o
                0x00000000240000d4                pot4
 .bss.pot5      0x00000000240000d8        0x4 build/MuxTest.o
                0x00000000240000d8                pot5
 .bss.pot6      0x00000000240000dc        0x4 build/MuxTest.o
                0x00000000240000dc                pot6
 .bss.pot7      0x00000000240000e0        0x4 build/MuxTest.o
                0x00000000240000e0                pot7
 .bss.pot8      0x00000000240000e4        0x4 build/MuxTest.o
                0x00000000240000e4                pot8
 .bss.save_flag
                0x00000000240000e8        0x1 build/MuxTest.o
                0x00000000240000e8                save_flag
 *fill*         0x00000000240000e9        0x3 
 .bss.setting   0x00000000240000ec       0x20 build/MuxTest.o
                0x00000000240000ec                setting
 .bss._ZL2hw    0x000000002400010c       0x3c build/QSPI_Settings.o
 .bss.FMC_Initialized
                0x0000000024000148        0x4 ../DaisyExamples/libdaisy/build/libdaisy.a(sdram.o)
 *fill*         0x000000002400014c        0x4 
 .bss.dsy_sdram
                0x0000000024000150       0x3c ../DaisyExamples/libdaisy/build/libdaisy.a(sdram.o)
 .bss._ZN5daisyL12audio_handleE
                0x000000002400018c       0x30 ../DaisyExamples/libdaisy/build/libdaisy.a(audio.o)
 *fill*         0x00000000240001bc        0x4 
 .bss._ZL3adc   0x00000000240001c0      0x210 ../DaisyExamples/libdaisy/build/libdaisy.a(adc.o)
 .bss.qspi_handle
                0x00000000240003d0       0x54 ../DaisyExamples/libdaisy/build/libdaisy.a(qspi.o)
 .bss._ZN5daisyL11sai_handlesE
                0x0000000024000424      0x4b8 ../DaisyExamples/libdaisy/build/libdaisy.a(sai.o)
 .bss._ZN5daisy6System4tim_E
                0x00000000240008dc        0x4 ../DaisyExamples/libdaisy/build/libdaisy.a(system.o)
                0x00000000240008dc                daisy::System::tim_
 .bss.uwTick    0x00000000240008e0        0x4 ../DaisyExamples/libdaisy/build/libdaisy.a(stm32h7xx_hal.o)
 .bss._ZN5daisy9I2CHandle4Impl21queued_dma_transfers_E
                0x00000000240008e4       0x3c ../DaisyExamples/libdaisy/build/libdaisy.a(i2c.o)
                0x00000000240008e4                daisy::I2CHandle::Impl::queued_dma_transfers_
 .bss._ZN5daisy9I2CHandle4Impl22dma_active_peripheral_E
                0x0000000024000920        0x1 ../DaisyExamples/libdaisy/build/libdaisy.a(i2c.o)
                0x0000000024000920                daisy::I2CHandle::Impl::dma_active_peripheral_
 *fill*         0x0000000024000921        0x3 
 .bss._ZN5daisyL11i2c_handlesE
                0x0000000024000924      0x340 ../DaisyExamples/libdaisy/build/libdaisy.a(i2c.o)
 .bss._ZN5daisyL11tim_handlesE
                0x0000000024000c64      0x120 ../DaisyExamples/libdaisy/build/libdaisy.a(tim.o)
 *(COMMON)
                0x0000000024000d84                . = ALIGN (0x4)
                0x0000000024000d84                _ebss = .
                0x0000000024000d84                PROVIDE (__bss_end__ = _ebss)
                [!provide]                        PROVIDE (end = .)

.dtcmram_bss    0x0000000020000000        0x0
                0x0000000020000000                . = ALIGN (0x4)
                0x0000000020000000                _sdtcmram_bss = .
                [!provide]                        PROVIDE (__dtcmram_bss_start__ = _sdtcmram_bss)
 *(.dtcmram_bss)
 *(.dtcmram_bss*)
                0x0000000020000000                . = ALIGN (0x4)
                0x0000000020000000                _edtcmram_bss = .
                [!provide]                        PROVIDE (__dtcmram_bss_end__ = _edtcmram_bss)

.sram1_bss      0x0000000030000000     0x4118
                0x0000000030000000                . = ALIGN (0x4)
                0x0000000030000000                _ssram1_bss = .
                [!provide]                        PROVIDE (__sram1_bss_start__ = _sram1_bss)
 *(.sram1_bss)
 .sram1_bss     0x0000000030000000     0x4000 ../DaisyExamples/libdaisy/build/libdaisy.a(audio.o)
 .sram1_bss     0x0000000030004000      0x118 ../DaisyExamples/libdaisy/build/libdaisy.a(adc.o)
 *(.sram1_bss*)
                0x0000000030004118                . = ALIGN (0x4)
                0x0000000030004118                _esram1_bss = .
                [!provide]                        PROVIDE (__sram1_bss_end__ = _esram1_bss)

.sdram_bss      0x00000000c0000000        0x0
                0x00000000c0000000                . = ALIGN (0x4)
                0x00000000c0000000                _ssdram_bss = .
                [!provide]                        PROVIDE (__sdram_bss_start = _ssdram_bss)
 *(.sdram_bss)
 *(.sdram_bss*)
                0x00000000c0000000                . = ALIGN (0x4)
                0x00000000c0000000                _esdram_bss = .
                [!provide]                        PROVIDE (__sdram_bss_end = _esdram_bss)

.qspiflash_text
                0x0000000090000000        0x0
                0x0000000090000000                . = ALIGN (0x4)
                0x0000000090000000                _sqspiflash_text = .
                [!provide]                        PROVIDE (__qspiflash_text_start = _sqspiflash_text)
 *(.qspiflash_text)
 *(.qspiflash_text*)
                0x0000000090000000                . = ALIGN (0x4)
                0x0000000090000000                _eqspiflash_text = .
                [!provide]                        PROVIDE (__qspiflash_text_end = _eqspiflash_text)

.qspiflash_data
                0x0000000090000000        0x0
                0x0000000090000000                . = ALIGN (0x4)
                0x0000000090000000                _sqspiflash_data = .
                [!provide]                        PROVIDE (__qspiflash_data_start = _sqspiflash_data)
 *(.qspiflash_data)
 *(.qspiflash_data*)
                0x0000000090000000                . = ALIGN (0x4)
                0x0000000090000000                _eqspiflash_data = .
                [!provide]                        PROVIDE (__qspiflash_data_end = _eqspiflash_data)

.qspiflash_bss  0x0000000090000000       0x84
                0x0000000090000000                . = ALIGN (0x4)
                0x0000000090000000                _sqspiflash_bss = .
                [!provide]                        PROVIDE (__qspiflash_bss_start = _sqspiflash_bss)
 *(.qspiflash_bss)
 .qspiflash_bss
                0x0000000090000000       0x84 build/QSPI_Settings.o
 *(.qspiflash_bss*)
                0x0000000090000084                . = ALIGN (0x4)
                0x0000000090000084                _eqspiflash_bss = .
                [!provide]                        PROVIDE (__qspiflash_bss_end = _eqspiflash_bss)

.heap           0x0000000024000d84        0x0
                0x0000000024000d84                . = ALIGN (0x4)
                [!provide]                        PROVIDE (__heap_start__ = .)
 *(.heap)
                0x0000000024000d84                . = ALIGN (0x4)
                [!provide]                        PROVIDE (__heap_end__ = .)

.reserved_for_stack
                0x0000000024000d84        0x0
                0x0000000024000d84                . = ALIGN (0x4)
                [!provide]                        PROVIDE (__reserved_for_stack_start__ = .)
 *(.reserved_for_stack)
                0x0000000024000d84                . = ALIGN (0x4)
                [!provide]                        PROVIDE (__reserved_for_stack_end__ = .)

DISCARD
 libc.a(*)
 libm.a(*)
 libgcc.a(*)
OUTPUT(build/MuxTest.elf elf32-littlearm)

.debug_info     0x0000000000000000    0x6948a
 .debug_info    0x0000000000000000      0x151 build/startup_stm32h750xx.o
 .debug_info    0x0000000000000151     0x7f5f build/MuxTest.o
 .debug_info    0x00000000000080b0     0x6691 build/QSPI_Settings.o
 .debug_info    0x000000000000e741     0x3f70 ../DaisyExamples/libdaisy/build/libdaisy.a(daisy_seed.o)
 .debug_info    0x00000000000126b1     0x1b5e ../DaisyExamples/libdaisy/build/libdaisy.a(codec_ak4556.o)
 .debug_info    0x000000000001420f     0x1daa ../DaisyExamples/libdaisy/build/libdaisy.a(sdram.o)
 .debug_info    0x0000000000015fb9     0x3281 ../DaisyExamples/libdaisy/build/libdaisy.a(audio.o)
 .debug_info    0x000000000001923a     0x174c ../DaisyExamples/libdaisy/build/libdaisy.a(led.o)
 .debug_info    0x000000000001a986     0x4da3 ../DaisyExamples/libdaisy/build/libdaisy.a(adc.o)
 .debug_info    0x000000000001f729     0x1653 ../DaisyExamples/libdaisy/build/libdaisy.a(gpio.o)
 .debug_info    0x0000000000020d7c     0x2ff7 ../DaisyExamples/libdaisy/build/libdaisy.a(qspi.o)
 .debug_info    0x0000000000023d73     0x55f2 ../DaisyExamples/libdaisy/build/libdaisy.a(sai.o)
 .debug_info    0x0000000000029365     0x4c2f ../DaisyExamples/libdaisy/build/libdaisy.a(system.o)
 .debug_info    0x000000000002df94     0x142e ../DaisyExamples/libdaisy/build/libdaisy.a(system_stm32h7xx.o)
 .debug_info    0x000000000002f3c2      0xd1a ../DaisyExamples/libdaisy/build/libdaisy.a(hal_map.o)
 .debug_info    0x00000000000300dc     0x20c9 ../DaisyExamples/libdaisy/build/libdaisy.a(stm32h7xx_hal.o)
 .debug_info    0x00000000000321a5     0x3921 ../DaisyExamples/libdaisy/build/libdaisy.a(stm32h7xx_hal_adc.o)
 .debug_info    0x0000000000035ac6     0x38d8 ../DaisyExamples/libdaisy/build/libdaisy.a(stm32h7xx_hal_adc_ex.o)
 .debug_info    0x000000000003939e     0x1e01 ../DaisyExamples/libdaisy/build/libdaisy.a(stm32h7xx_hal_cortex.o)
 .debug_info    0x000000000003b19f     0x1915 ../DaisyExamples/libdaisy/build/libdaisy.a(stm32h7xx_hal_dma.o)
 .debug_info    0x000000000003cab4     0x1796 ../DaisyExamples/libdaisy/build/libdaisy.a(stm32h7xx_hal_gpio.o)
 .debug_info    0x000000000003e24a     0x1979 ../DaisyExamples/libdaisy/build/libdaisy.a(stm32h7xx_hal_pwr_ex.o)
 .debug_info    0x000000000003fbc3     0x28c9 ../DaisyExamples/libdaisy/build/libdaisy.a(stm32h7xx_hal_qspi.o)
 .debug_info    0x000000000004248c     0x1c5a ../DaisyExamples/libdaisy/build/libdaisy.a(stm32h7xx_hal_rcc.o)
 .debug_info    0x00000000000440e6     0x20c2 ../DaisyExamples/libdaisy/build/libdaisy.a(stm32h7xx_hal_rcc_ex.o)
 .debug_info    0x00000000000461a8     0x2a61 ../DaisyExamples/libdaisy/build/libdaisy.a(stm32h7xx_hal_sai.o)
 .debug_info    0x0000000000048c09     0x1c9b ../DaisyExamples/libdaisy/build/libdaisy.a(stm32h7xx_hal_sdram.o)
 .debug_info    0x000000000004a8a4     0x1760 ../DaisyExamples/libdaisy/build/libdaisy.a(stm32h7xx_ll_fmc.o)
 .debug_info    0x000000000004c004     0x6c2d ../DaisyExamples/libdaisy/build/libdaisy.a(i2c.o)
 .debug_info    0x0000000000052c31     0x54e1 ../DaisyExamples/libdaisy/build/libdaisy.a(tim.o)
 .debug_info    0x0000000000058112     0x19e8 ../DaisyExamples/libdaisy/build/libdaisy.a(dma.o)
 .debug_info    0x0000000000059afa     0x6614 ../DaisyExamples/libdaisy/build/libdaisy.a(stm32h7xx_hal_i2c.o)
 .debug_info    0x000000000006010e     0x19e8 ../DaisyExamples/libdaisy/build/libdaisy.a(stm32h7xx_hal_mdma.o)
 .debug_info    0x0000000000061af6     0x5594 ../DaisyExamples/libdaisy/build/libdaisy.a(stm32h7xx_hal_tim.o)
 .debug_info    0x000000000006708a     0x2400 ../DaisyExamples/libdaisy/build/libdaisy.a(stm32h7xx_hal_tim_ex.o)

.debug_abbrev   0x0000000000000000     0xb0b9
 .debug_abbrev  0x0000000000000000       0xef build/startup_stm32h750xx.o
 .debug_abbrev  0x00000000000000ef      0xb76 build/MuxTest.o
 .debug_abbrev  0x0000000000000c65      0x9b6 build/QSPI_Settings.o
 .debug_abbrev  0x000000000000161b      0x846 ../DaisyExamples/libdaisy/build/libdaisy.a(daisy_seed.o)
 .debug_abbrev  0x0000000000001e61      0x469 ../DaisyExamples/libdaisy/build/libdaisy.a(codec_ak4556.o)
 .debug_abbrev  0x00000000000022ca      0x3f9 ../DaisyExamples/libdaisy/build/libdaisy.a(sdram.o)
 .debug_abbrev  0x00000000000026c3      0x7a3 ../DaisyExamples/libdaisy/build/libdaisy.a(audio.o)
 .debug_abbrev  0x0000000000002e66      0x470 ../DaisyExamples/libdaisy/build/libdaisy.a(led.o)
 .debug_abbrev  0x00000000000032d6      0x808 ../DaisyExamples/libdaisy/build/libdaisy.a(adc.o)
 .debug_abbrev  0x0000000000003ade      0x392 ../DaisyExamples/libdaisy/build/libdaisy.a(gpio.o)
 .debug_abbrev  0x0000000000003e70      0x55f ../DaisyExamples/libdaisy/build/libdaisy.a(qspi.o)
 .debug_abbrev  0x00000000000043cf      0x88f ../DaisyExamples/libdaisy/build/libdaisy.a(sai.o)
 .debug_abbrev  0x0000000000004c5e      0x7ac ../DaisyExamples/libdaisy/build/libdaisy.a(system.o)
 .debug_abbrev  0x000000000000540a      0x283 ../DaisyExamples/libdaisy/build/libdaisy.a(system_stm32h7xx.o)
 .debug_abbrev  0x000000000000568d      0x24a ../DaisyExamples/libdaisy/build/libdaisy.a(hal_map.o)
 .debug_abbrev  0x00000000000058d7      0x3d1 ../DaisyExamples/libdaisy/build/libdaisy.a(stm32h7xx_hal.o)
 .debug_abbrev  0x0000000000005ca8      0x3f8 ../DaisyExamples/libdaisy/build/libdaisy.a(stm32h7xx_hal_adc.o)
 .debug_abbrev  0x00000000000060a0      0x46a ../DaisyExamples/libdaisy/build/libdaisy.a(stm32h7xx_hal_adc_ex.o)
 .debug_abbrev  0x000000000000650a      0x46e ../DaisyExamples/libdaisy/build/libdaisy.a(stm32h7xx_hal_cortex.o)
 .debug_abbrev  0x0000000000006978      0x412 ../DaisyExamples/libdaisy/build/libdaisy.a(stm32h7xx_hal_dma.o)
 .debug_abbrev  0x0000000000006d8a      0x345 ../DaisyExamples/libdaisy/build/libdaisy.a(stm32h7xx_hal_gpio.o)
 .debug_abbrev  0x00000000000070cf      0x422 ../DaisyExamples/libdaisy/build/libdaisy.a(stm32h7xx_hal_pwr_ex.o)
 .debug_abbrev  0x00000000000074f1      0x41a ../DaisyExamples/libdaisy/build/libdaisy.a(stm32h7xx_hal_qspi.o)
 .debug_abbrev  0x000000000000790b      0x3cb ../DaisyExamples/libdaisy/build/libdaisy.a(stm32h7xx_hal_rcc.o)
 .debug_abbrev  0x0000000000007cd6      0x40e ../DaisyExamples/libdaisy/build/libdaisy.a(stm32h7xx_hal_rcc_ex.o)
 .debug_abbrev  0x00000000000080e4      0x41b ../DaisyExamples/libdaisy/build/libdaisy.a(stm32h7xx_hal_sai.o)
 .debug_abbrev  0x00000000000084ff      0x366 ../DaisyExamples/libdaisy/build/libdaisy.a(stm32h7xx_hal_sdram.o)
 .debug_abbrev  0x0000000000008865      0x2cb ../DaisyExamples/libdaisy/build/libdaisy.a(stm32h7xx_ll_fmc.o)
 .debug_abbrev  0x0000000000008b30      0x9c6 ../DaisyExamples/libdaisy/build/libdaisy.a(i2c.o)
 .debug_abbrev  0x00000000000094f6      0x764 ../DaisyExamples/libdaisy/build/libdaisy.a(tim.o)
 .debug_abbrev  0x0000000000009c5a      0x329 ../DaisyExamples/libdaisy/build/libdaisy.a(dma.o)
 .debug_abbrev  0x0000000000009f83      0x4da ../DaisyExamples/libdaisy/build/libdaisy.a(stm32h7xx_hal_i2c.o)
 .debug_abbrev  0x000000000000a45d      0x3d4 ../DaisyExamples/libdaisy/build/libdaisy.a(stm32h7xx_hal_mdma.o)
 .debug_abbrev  0x000000000000a831      0x46e ../DaisyExamples/libdaisy/build/libdaisy.a(stm32h7xx_hal_tim.o)
 .debug_abbrev  0x000000000000ac9f      0x41a ../DaisyExamples/libdaisy/build/libdaisy.a(stm32h7xx_hal_tim_ex.o)

.debug_loc      0x0000000000000000    0x26f04
 .debug_loc     0x0000000000000000       0x8b build/startup_stm32h750xx.o
 .debug_loc     0x000000000000008b      0x36a build/MuxTest.o
 .debug_loc     0x00000000000003f5      0x1bf build/QSPI_Settings.o
 .debug_loc     0x00000000000005b4      0x607 ../DaisyExamples/libdaisy/build/libdaisy.a(daisy_seed.o)
 .debug_loc     0x0000000000000bbb       0xe4 ../DaisyExamples/libdaisy/build/libdaisy.a(sdram.o)
 .debug_loc     0x0000000000000c9f     0x1c9a ../DaisyExamples/libdaisy/build/libdaisy.a(audio.o)
 .debug_loc     0x0000000000002939       0xe9 ../DaisyExamples/libdaisy/build/libdaisy.a(led.o)
 .debug_loc     0x0000000000002a22      0xe1a ../DaisyExamples/libdaisy/build/libdaisy.a(adc.o)
 .debug_loc     0x000000000000383c      0x1c4 ../DaisyExamples/libdaisy/build/libdaisy.a(gpio.o)
 .debug_loc     0x0000000000003a00      0xd7a ../DaisyExamples/libdaisy/build/libdaisy.a(qspi.o)
 .debug_loc     0x000000000000477a      0xfd8 ../DaisyExamples/libdaisy/build/libdaisy.a(sai.o)
 .debug_loc     0x0000000000005752      0x286 ../DaisyExamples/libdaisy/build/libdaisy.a(system.o)
 .debug_loc     0x00000000000059d8      0x170 ../DaisyExamples/libdaisy/build/libdaisy.a(system_stm32h7xx.o)
 .debug_loc     0x0000000000005b48       0x4a ../DaisyExamples/libdaisy/build/libdaisy.a(hal_map.o)
 .debug_loc     0x0000000000005b92      0x59e ../DaisyExamples/libdaisy/build/libdaisy.a(stm32h7xx_hal.o)
 .debug_loc     0x0000000000006130     0x237f ../DaisyExamples/libdaisy/build/libdaisy.a(stm32h7xx_hal_adc.o)
 .debug_loc     0x00000000000084af     0x2656 ../DaisyExamples/libdaisy/build/libdaisy.a(stm32h7xx_hal_adc_ex.o)
 .debug_loc     0x000000000000ab05      0x786 ../DaisyExamples/libdaisy/build/libdaisy.a(stm32h7xx_hal_cortex.o)
 .debug_loc     0x000000000000b28b     0x10f3 ../DaisyExamples/libdaisy/build/libdaisy.a(stm32h7xx_hal_dma.o)
 .debug_loc     0x000000000000c37e      0x454 ../DaisyExamples/libdaisy/build/libdaisy.a(stm32h7xx_hal_gpio.o)
 .debug_loc     0x000000000000c7d2      0x467 ../DaisyExamples/libdaisy/build/libdaisy.a(stm32h7xx_hal_pwr_ex.o)
 .debug_loc     0x000000000000cc39     0x202d ../DaisyExamples/libdaisy/build/libdaisy.a(stm32h7xx_hal_qspi.o)
 .debug_loc     0x000000000000ec66      0x808 ../DaisyExamples/libdaisy/build/libdaisy.a(stm32h7xx_hal_rcc.o)
 .debug_loc     0x000000000000f46e     0x10df ../DaisyExamples/libdaisy/build/libdaisy.a(stm32h7xx_hal_rcc_ex.o)
 .debug_loc     0x000000000001054d     0x2426 ../DaisyExamples/libdaisy/build/libdaisy.a(stm32h7xx_hal_sai.o)
 .debug_loc     0x0000000000012973      0xf64 ../DaisyExamples/libdaisy/build/libdaisy.a(stm32h7xx_hal_sdram.o)
 .debug_loc     0x00000000000138d7      0x75d ../DaisyExamples/libdaisy/build/libdaisy.a(stm32h7xx_ll_fmc.o)
 .debug_loc     0x0000000000014034     0x1a7c ../DaisyExamples/libdaisy/build/libdaisy.a(i2c.o)
 .debug_loc     0x0000000000015ab0      0xdd6 ../DaisyExamples/libdaisy/build/libdaisy.a(tim.o)
 .debug_loc     0x0000000000016886      0x250 ../DaisyExamples/libdaisy/build/libdaisy.a(dma.o)
 .debug_loc     0x0000000000016ad6     0x77d0 ../DaisyExamples/libdaisy/build/libdaisy.a(stm32h7xx_hal_i2c.o)
 .debug_loc     0x000000000001e2a6     0x1358 ../DaisyExamples/libdaisy/build/libdaisy.a(stm32h7xx_hal_mdma.o)
 .debug_loc     0x000000000001f5fe     0x619a ../DaisyExamples/libdaisy/build/libdaisy.a(stm32h7xx_hal_tim.o)
 .debug_loc     0x0000000000025798     0x176c ../DaisyExamples/libdaisy/build/libdaisy.a(stm32h7xx_hal_tim_ex.o)

.debug_aranges  0x0000000000000000     0x1940
 .debug_aranges
                0x0000000000000000       0x28 build/startup_stm32h750xx.o
 .debug_aranges
                0x0000000000000028       0x40 build/MuxTest.o
 .debug_aranges
                0x0000000000000068       0x38 build/QSPI_Settings.o
 .debug_aranges
                0x00000000000000a0       0xb8 ../DaisyExamples/libdaisy/build/libdaisy.a(daisy_seed.o)
 .debug_aranges
                0x0000000000000158       0x20 ../DaisyExamples/libdaisy/build/libdaisy.a(codec_ak4556.o)
 .debug_aranges
                0x0000000000000178       0x38 ../DaisyExamples/libdaisy/build/libdaisy.a(sdram.o)
 .debug_aranges
                0x00000000000001b0       0xd0 ../DaisyExamples/libdaisy/build/libdaisy.a(audio.o)
 .debug_aranges
                0x0000000000000280       0x30 ../DaisyExamples/libdaisy/build/libdaisy.a(led.o)
 .debug_aranges
                0x00000000000002b0       0x98 ../DaisyExamples/libdaisy/build/libdaisy.a(adc.o)
 .debug_aranges
                0x0000000000000348       0x40 ../DaisyExamples/libdaisy/build/libdaisy.a(gpio.o)
 .debug_aranges
                0x0000000000000388       0x60 ../DaisyExamples/libdaisy/build/libdaisy.a(qspi.o)
 .debug_aranges
                0x00000000000003e8       0xf0 ../DaisyExamples/libdaisy/build/libdaisy.a(sai.o)
 .debug_aranges
                0x00000000000004d8       0xb0 ../DaisyExamples/libdaisy/build/libdaisy.a(system.o)
 .debug_aranges
                0x0000000000000588       0x28 ../DaisyExamples/libdaisy/build/libdaisy.a(system_stm32h7xx.o)
 .debug_aranges
                0x00000000000005b0       0x28 ../DaisyExamples/libdaisy/build/libdaisy.a(hal_map.o)
 .debug_aranges
                0x00000000000005d8      0x198 ../DaisyExamples/libdaisy/build/libdaisy.a(stm32h7xx_hal.o)
 .debug_aranges
                0x0000000000000770       0xd8 ../DaisyExamples/libdaisy/build/libdaisy.a(stm32h7xx_hal_adc.o)
 .debug_aranges
                0x0000000000000848       0xe0 ../DaisyExamples/libdaisy/build/libdaisy.a(stm32h7xx_hal_adc_ex.o)
 .debug_aranges
                0x0000000000000928       0xb0 ../DaisyExamples/libdaisy/build/libdaisy.a(stm32h7xx_hal_cortex.o)
 .debug_aranges
                0x00000000000009d8       0x88 ../DaisyExamples/libdaisy/build/libdaisy.a(stm32h7xx_hal_dma.o)
 .debug_aranges
                0x0000000000000a60       0x58 ../DaisyExamples/libdaisy/build/libdaisy.a(stm32h7xx_hal_gpio.o)
 .debug_aranges
                0x0000000000000ab8      0x128 ../DaisyExamples/libdaisy/build/libdaisy.a(stm32h7xx_hal_pwr_ex.o)
 .debug_aranges
                0x0000000000000be0       0xf8 ../DaisyExamples/libdaisy/build/libdaisy.a(stm32h7xx_hal_qspi.o)
 .debug_aranges
                0x0000000000000cd8       0x88 ../DaisyExamples/libdaisy/build/libdaisy.a(stm32h7xx_hal_rcc.o)
 .debug_aranges
                0x0000000000000d60       0xd0 ../DaisyExamples/libdaisy/build/libdaisy.a(stm32h7xx_hal_rcc_ex.o)
 .debug_aranges
                0x0000000000000e30      0x130 ../DaisyExamples/libdaisy/build/libdaisy.a(stm32h7xx_hal_sai.o)
 .debug_aranges
                0x0000000000000f60       0xc8 ../DaisyExamples/libdaisy/build/libdaisy.a(stm32h7xx_hal_sdram.o)
 .debug_aranges
                0x0000000000001028       0xc8 ../DaisyExamples/libdaisy/build/libdaisy.a(stm32h7xx_ll_fmc.o)
 .debug_aranges
                0x00000000000010f0      0x110 ../DaisyExamples/libdaisy/build/libdaisy.a(i2c.o)
 .debug_aranges
                0x0000000000001200       0xf0 ../DaisyExamples/libdaisy/build/libdaisy.a(tim.o)
 .debug_aranges
                0x00000000000012f0       0x30 ../DaisyExamples/libdaisy/build/libdaisy.a(dma.o)
 .debug_aranges
                0x0000000000001320      0x1f0 ../DaisyExamples/libdaisy/build/libdaisy.a(stm32h7xx_hal_i2c.o)
 .debug_aranges
                0x0000000000001510       0xb0 ../DaisyExamples/libdaisy/build/libdaisy.a(stm32h7xx_hal_mdma.o)
 .debug_aranges
                0x00000000000015c0      0x278 ../DaisyExamples/libdaisy/build/libdaisy.a(stm32h7xx_hal_tim.o)
 .debug_aranges
                0x0000000000001838      0x108 ../DaisyExamples/libdaisy/build/libdaisy.a(stm32h7xx_hal_tim_ex.o)

.debug_ranges   0x0000000000000000     0x62f8
 .debug_ranges  0x0000000000000000       0x18 build/startup_stm32h750xx.o
 .debug_ranges  0x0000000000000018       0xc8 build/MuxTest.o
 .debug_ranges  0x00000000000000e0       0xa0 build/QSPI_Settings.o
 .debug_ranges  0x0000000000000180      0x208 ../DaisyExamples/libdaisy/build/libdaisy.a(daisy_seed.o)
 .debug_ranges  0x0000000000000388       0x10 ../DaisyExamples/libdaisy/build/libdaisy.a(codec_ak4556.o)
 .debug_ranges  0x0000000000000398       0xe8 ../DaisyExamples/libdaisy/build/libdaisy.a(sdram.o)
 .debug_ranges  0x0000000000000480      0x9d8 ../DaisyExamples/libdaisy/build/libdaisy.a(audio.o)
 .debug_ranges  0x0000000000000e58       0x38 ../DaisyExamples/libdaisy/build/libdaisy.a(led.o)
 .debug_ranges  0x0000000000000e90      0x388 ../DaisyExamples/libdaisy/build/libdaisy.a(adc.o)
 .debug_ranges  0x0000000000001218      0x180 ../DaisyExamples/libdaisy/build/libdaisy.a(gpio.o)
 .debug_ranges  0x0000000000001398      0x2a8 ../DaisyExamples/libdaisy/build/libdaisy.a(qspi.o)
 .debug_ranges  0x0000000000001640      0x2d0 ../DaisyExamples/libdaisy/build/libdaisy.a(sai.o)
 .debug_ranges  0x0000000000001910      0x130 ../DaisyExamples/libdaisy/build/libdaisy.a(system.o)
 .debug_ranges  0x0000000000001a40       0x18 ../DaisyExamples/libdaisy/build/libdaisy.a(system_stm32h7xx.o)
 .debug_ranges  0x0000000000001a58       0x18 ../DaisyExamples/libdaisy/build/libdaisy.a(hal_map.o)
 .debug_ranges  0x0000000000001a70      0x188 ../DaisyExamples/libdaisy/build/libdaisy.a(stm32h7xx_hal.o)
 .debug_ranges  0x0000000000001bf8      0x6d0 ../DaisyExamples/libdaisy/build/libdaisy.a(stm32h7xx_hal_adc.o)
 .debug_ranges  0x00000000000022c8      0x4d8 ../DaisyExamples/libdaisy/build/libdaisy.a(stm32h7xx_hal_adc_ex.o)
 .debug_ranges  0x00000000000027a0      0x180 ../DaisyExamples/libdaisy/build/libdaisy.a(stm32h7xx_hal_cortex.o)
 .debug_ranges  0x0000000000002920      0x140 ../DaisyExamples/libdaisy/build/libdaisy.a(stm32h7xx_hal_dma.o)
 .debug_ranges  0x0000000000002a60       0x80 ../DaisyExamples/libdaisy/build/libdaisy.a(stm32h7xx_hal_gpio.o)
 .debug_ranges  0x0000000000002ae0      0x118 ../DaisyExamples/libdaisy/build/libdaisy.a(stm32h7xx_hal_pwr_ex.o)
 .debug_ranges  0x0000000000002bf8      0x2e0 ../DaisyExamples/libdaisy/build/libdaisy.a(stm32h7xx_hal_qspi.o)
 .debug_ranges  0x0000000000002ed8      0x1b0 ../DaisyExamples/libdaisy/build/libdaisy.a(stm32h7xx_hal_rcc.o)
 .debug_ranges  0x0000000000003088       0xf0 ../DaisyExamples/libdaisy/build/libdaisy.a(stm32h7xx_hal_rcc_ex.o)
 .debug_ranges  0x0000000000003178      0x5b0 ../DaisyExamples/libdaisy/build/libdaisy.a(stm32h7xx_hal_sai.o)
 .debug_ranges  0x0000000000003728       0xb8 ../DaisyExamples/libdaisy/build/libdaisy.a(stm32h7xx_hal_sdram.o)
 .debug_ranges  0x00000000000037e0       0xb8 ../DaisyExamples/libdaisy/build/libdaisy.a(stm32h7xx_ll_fmc.o)
 .debug_ranges  0x0000000000003898      0x620 ../DaisyExamples/libdaisy/build/libdaisy.a(i2c.o)
 .debug_ranges  0x0000000000003eb8      0x360 ../DaisyExamples/libdaisy/build/libdaisy.a(tim.o)
 .debug_ranges  0x0000000000004218       0x40 ../DaisyExamples/libdaisy/build/libdaisy.a(dma.o)
 .debug_ranges  0x0000000000004258     0x12c0 ../DaisyExamples/libdaisy/build/libdaisy.a(stm32h7xx_hal_i2c.o)
 .debug_ranges  0x0000000000005518      0x178 ../DaisyExamples/libdaisy/build/libdaisy.a(stm32h7xx_hal_mdma.o)
 .debug_ranges  0x0000000000005690      0xa60 ../DaisyExamples/libdaisy/build/libdaisy.a(stm32h7xx_hal_tim.o)
 .debug_ranges  0x00000000000060f0      0x208 ../DaisyExamples/libdaisy/build/libdaisy.a(stm32h7xx_hal_tim_ex.o)

.debug_line     0x0000000000000000    0x2d0e4
 .debug_line    0x0000000000000000      0x12c build/startup_stm32h750xx.o
 .debug_line    0x000000000000012c      0xb3d build/MuxTest.o
 .debug_line    0x0000000000000c69      0xa09 build/QSPI_Settings.o
 .debug_line    0x0000000000001672      0xba5 ../DaisyExamples/libdaisy/build/libdaisy.a(daisy_seed.o)
 .debug_line    0x0000000000002217      0x426 ../DaisyExamples/libdaisy/build/libdaisy.a(codec_ak4556.o)
 .debug_line    0x000000000000263d      0x6e0 ../DaisyExamples/libdaisy/build/libdaisy.a(sdram.o)
 .debug_line    0x0000000000002d1d     0x1bdb ../DaisyExamples/libdaisy/build/libdaisy.a(audio.o)
 .debug_line    0x00000000000048f8      0x48d ../DaisyExamples/libdaisy/build/libdaisy.a(led.o)
 .debug_line    0x0000000000004d85     0x1158 ../DaisyExamples/libdaisy/build/libdaisy.a(adc.o)
 .debug_line    0x0000000000005edd      0x56c ../DaisyExamples/libdaisy/build/libdaisy.a(gpio.o)
 .debug_line    0x0000000000006449     0x1071 ../DaisyExamples/libdaisy/build/libdaisy.a(qspi.o)
 .debug_line    0x00000000000074ba     0x1291 ../DaisyExamples/libdaisy/build/libdaisy.a(sai.o)
 .debug_line    0x000000000000874b      0xc29 ../DaisyExamples/libdaisy/build/libdaisy.a(system.o)
 .debug_line    0x0000000000009374      0x4f8 ../DaisyExamples/libdaisy/build/libdaisy.a(system_stm32h7xx.o)
 .debug_line    0x000000000000986c      0x301 ../DaisyExamples/libdaisy/build/libdaisy.a(hal_map.o)
 .debug_line    0x0000000000009b6d      0xa5a ../DaisyExamples/libdaisy/build/libdaisy.a(stm32h7xx_hal.o)
 .debug_line    0x000000000000a5c7     0x2c10 ../DaisyExamples/libdaisy/build/libdaisy.a(stm32h7xx_hal_adc.o)
 .debug_line    0x000000000000d1d7     0x2698 ../DaisyExamples/libdaisy/build/libdaisy.a(stm32h7xx_hal_adc_ex.o)
 .debug_line    0x000000000000f86f      0x944 ../DaisyExamples/libdaisy/build/libdaisy.a(stm32h7xx_hal_cortex.o)
 .debug_line    0x00000000000101b3     0x1c1e ../DaisyExamples/libdaisy/build/libdaisy.a(stm32h7xx_hal_dma.o)
 .debug_line    0x0000000000011dd1      0x8c8 ../DaisyExamples/libdaisy/build/libdaisy.a(stm32h7xx_hal_gpio.o)
 .debug_line    0x0000000000012699      0xafa ../DaisyExamples/libdaisy/build/libdaisy.a(stm32h7xx_hal_pwr_ex.o)
 .debug_line    0x0000000000013193     0x1dff ../DaisyExamples/libdaisy/build/libdaisy.a(stm32h7xx_hal_qspi.o)